=== Interflow server log === start 2026-08-01 02:24:26 ===
unityVersion=6000.4.7f1 platform=WindowsServer headless=True args=Interflow.exe -port 7777 -logFile server.log
02:24:26.843 [Log] [ServerBootstrap] Start: headless=True, gfx=Null, batchmode=True, автозапуск=True, injectMenuButton=True.
02:24:26.849 [Log] [ServerBootstrap] Порт из аргумента -port: 7777.
02:24:26.851 [Log] [ServerBootstrap] Порт прослушивания: 0.0.0.0:7777.
02:24:27.028 [Log] [ServerBootstrap] Сервер запущен (StartServer). Ожидание игроков: 2.
02:24:47.827 [Log] Approved: joined Player0, 1 at slot 0
02:24:49.708 [Log] Approved: joined Player0, 2 at slot 1
02:24:49.841 [Log] [ServerBootstrap] Набралось игроков (2) — отсчёт 15с до старта.
02:25:05.034 [Log] [ServerBootstrap] Отсчёт завершён — старт матча.
02:25:05.192 [Warning] The referenced script (Unknown) on this Behaviour is missing!
02:25:05.192 [Warning] The referenced script (Unknown) on this Behaviour is missing!
02:25:05.201 [Warning] The referenced script (Unknown) on this Behaviour is missing!
02:25:05.201 [Warning] The referenced script (Unknown) on this Behaviour is missing!
02:25:05.206 [Warning] The referenced script on this Behaviour (Game Object 'GameManager') is missing!
02:25:05.212 [Warning] The referenced script on this Behaviour (Game Object 'GameManager') is missing!
02:25:05.213 [Warning] The referenced script on this Behaviour (Game Object 'GameManager') is missing!
02:25:05.214 [Warning] The referenced script on this Behaviour (Game Object 'CameraRig') is missing!
02:25:05.214 [Warning] The referenced script on this Behaviour (Game Object 'GameManager') is missing!
02:25:05.214 [Warning] The referenced script on this Behaviour (Game Object 'CameraRig') is missing!
02:25:05.236 [Warning] No mesh data available for mesh ArrowPlane on particle system Arrow. Make sure Read/Write Enabled is set in the importer to work on the particle system renderer
02:25:05.236 [Warning] No mesh data available for mesh ArrowPlane on particle system Arrow. Make sure Read/Write Enabled is set in the importer to work on the particle system renderer
02:25:05.236 [Warning] No mesh data available for mesh ArrowPlane on particle system Arrow. Make sure Read/Write Enabled is set in the importer to work on the particle system renderer
02:25:05.236 [Warning] No mesh data available for mesh ArrowPlane on particle system Arrow. Make sure Read/Write Enabled is set in the importer to work on the particle system renderer
02:25:05.236 [Warning] No mesh data available for mesh ArrowPlane on particle system Arrow. Make sure Read/Write Enabled is set in the importer to work on the particle system renderer
02:25:05.238 [Warning] No mesh data available for mesh ArrowPlane on particle system Arrow. Make sure Read/Write Enabled is set in the importer to work on the particle system renderer
02:25:05.304 [Warning] [MatchManager] ResolveFaction: раса слота 0 не резолвится — фоллбэк на дефолтную расу (factionData[0].config тоже пуст → null).
02:25:05.304 [Warning] [MatchManager] ResolveFaction: раса слота 1 не резолвится — фоллбэк на дефолтную расу (factionData[0].config тоже пуст → null).
02:25:05.423 [Warning] The referenced script (Unknown) on this Behaviour is missing!
02:25:05.423 [Warning] The referenced script on this Behaviour (Game Object '<null>') is missing!
02:25:05.424 [Error] A scripted object (script unknown or not yet loaded) has a different serialization layout when loading. (Read 40 bytes but expected 140 bytes)
Did you #if UNITY_EDITOR a section of your serialized properties in any of your scripts?
02:25:05.425 [Warning] No mesh data available for mesh cylinder_high_poly on particle system area. Make sure Read/Write Enabled is set in the importer to work on the particle system renderer
02:25:05.426 [Warning] No mesh data available for mesh cylinder_high_poly on particle system area. Make sure Read/Write Enabled is set in the importer to work on the particle system renderer
02:25:05.629 [Warning] [MatchManager] GameManager.specificUnitsDead не настроен — победа по уничтожению базы не сработает. Задайте NetID баз и winningTeam в Inspector у GameManager.
02:25:06.949 [Log] [MatchManager] Башня отстроена: ArrowTower(Clone) для точки CentralPoint (player=13, netID=12364, prefab=ArrowTower).
02:25:06.949 [Log] [MatchManager] Подписка на смерть башни ArrowTower(Clone).
02:25:06.952 [Log] [MatchManager] Башня отстроена: CannonTower(Clone) для точки DefPointA2 (player=0, netID=60774, prefab=CannonTower).
02:25:06.952 [Log] [MatchManager] Подписка на смерть башни CannonTower(Clone).
02:25:06.953 [Log] [MatchManager] Башня отстроена: CannonTower(Clone) для точки DefPointA1 (player=0, netID=31433, prefab=CannonTower).
02:25:06.953 [Log] [MatchManager] Подписка на смерть башни CannonTower(Clone).
02:25:06.954 [Log] [MatchManager] Башня отстроена: CannonTower(Clone) для точки DefPointB2 (player=1, netID=47059, prefab=CannonTower).
02:25:06.954 [Log] [MatchManager] Подписка на смерть башни CannonTower(Clone).
02:25:06.954 [Log] [MatchManager] Башня отстроена: CannonTower(Clone) для точки DefPointB1 (player=1, netID=53413, prefab=CannonTower).
02:25:06.954 [Log] [MatchManager] Подписка на смерть башни CannonTower(Clone).
02:25:06.954 [Log] [MatchManager] SpawnInitialTowers: запущен спавн 5 башен.
02:25:06.972 [Log] [MatchManager] Матч начался — запускаем волны.
02:25:06.973 [Log] [MatchManager] КАРТА КОМАНД: team0(teamA).ownerPlayer=0, team1(teamB).ownerPlayer=1; playerTeam[slot]=[0,1,2,3,4,5,6,7,8,9,10,11,12,13]; СВЕРКА: playerTeam[team0.owner]=0 (ожид 0), playerTeam[team1.owner]=1 (ожид 1).
02:25:11.921 [Log] [MatchManager] Волна #1 — спавним обе команды.
02:25:11.927 [Log] [MatchManager] Спавн волны команды 0 (player=0): состав 0 юнитов.
02:25:11.927 [Log] [MatchManager] Волна команды 0: заспавнено 0 юнитов.
02:25:11.930 [Log] [MatchManager] Спавн волны команды 1 (player=1): состав 0 юнитов.
02:25:11.931 [Log] [MatchManager] Волна команды 1: заспавнено 0 юнитов.
=== end 2026-08-01 02:25:22 ===
