=== Interflow server log === start 2026-06-27 00:09:45 ===
unityVersion=6000.4.7f1 platform=WindowsServer headless=True args=D:\Interflow\Interflow\Server\Interflow.exe -batchmode -nographics -logFile -
00:09:45.505 [Log] [ServerBootstrap] Start: headless=True, gfx=Null, batchmode=True, автозапуск=True, injectMenuButton=True.
00:09:45.658 [Log] [ServerBootstrap] Сервер запущен (StartServer). Ожидание игроков: 2.
00:10:12.542 [Log] Approved: joined Player01, 1 at slot 0
00:10:14.944 [Log] Approved: joined Player0, 2 at slot 1
00:10:15.078 [Log] [ServerBootstrap] Набралось игроков (2) — отсчёт 15с до старта.
00:10:30.083 [Log] [ServerBootstrap] Отсчёт завершён — старт матча.
00:10:30.184 [Warning] No mesh data available for mesh ArrowPlane on particle system Arrow. Make sure Read/Write Enabled is set in the importer to work on the particle system renderer
00:10:30.184 [Warning] No mesh data available for mesh ArrowPlane on particle system Arrow. Make sure Read/Write Enabled is set in the importer to work on the particle system renderer
00:10:30.184 [Warning] No mesh data available for mesh ArrowPlane on particle system Arrow. Make sure Read/Write Enabled is set in the importer to work on the particle system renderer
00:10:30.184 [Warning] No mesh data available for mesh ArrowPlane on particle system Arrow. Make sure Read/Write Enabled is set in the importer to work on the particle system renderer
00:10:30.185 [Warning] No mesh data available for mesh ArrowPlane on particle system Arrow. Make sure Read/Write Enabled is set in the importer to work on the particle system renderer
00:10:30.185 [Warning] No mesh data available for mesh ArrowPlane on particle system Arrow. Make sure Read/Write Enabled is set in the importer to work on the particle system renderer
00:10:30.345 [Warning] The referenced script (Unknown) on this Behaviour is missing!
00:10:30.345 [Warning] The referenced script on this Behaviour (Game Object '<null>') is missing!
00:10:30.345 [Error] A scripted object (script unknown or not yet loaded) has a different serialization layout when loading. (Read 40 bytes but expected 140 bytes)
Did you #if UNITY_EDITOR a section of your serialized properties in any of your scripts?
00:10:30.741 [Log] [MatchManager] Точка DefPointA2: towerPrefab не назначен — захват без отстройки (OK для Defence-точек).
00:10:30.741 [Log] [MatchManager] Точка DefPointA1: towerPrefab не назначен — захват без отстройки (OK для Defence-точек).
00:10:30.741 [Log] [MatchManager] Точка DefPointB2: towerPrefab не назначен — захват без отстройки (OK для Defence-точек).
00:10:30.742 [Log] [MatchManager] Точка DefPointB1: towerPrefab не назначен — захват без отстройки (OK для Defence-точек).
00:10:30.742 [Warning] [MatchManager] GameManager.specificUnitsDead не настроен — победа по уничтожению базы не сработает. Задайте NetID баз и winningTeam в Inspector у GameManager.
00:10:30.742 [Log] [MatchManager] Подписка на смерть башни CentralTower.
00:10:30.742 [Log] [MatchManager] Подписка на смерть башни CannonTowerOwn2.
00:10:30.742 [Log] [MatchManager] Подписка на смерть башни CannonTowerOwn1.
00:10:30.742 [Log] [MatchManager] Подписка на смерть башни CannonTowerEnemy2.
00:10:30.742 [Log] [MatchManager] Подписка на смерть башни CannonTowerEnemy1.
00:10:31.891 [Log] [MatchManager] Матч начался — запускаем волны.
00:10:31.894 [Log] [MatchManager] КАРТА КОМАНД: team0(teamA).ownerPlayer=1, team1(teamB).ownerPlayer=0; playerTeam[slot]=[1,0,2,3,4,5,6,7,8,9,10,11,12,13]; СВЕРКА: playerTeam[team0.owner]=0 (ожид 0), playerTeam[team1.owner]=1 (ожид 1).
00:10:31.898 [Log] [MatchManager] Ожидаем первую волну 5 сек.
00:10:35.539 [Log] [TeamCommand] От sender(slot)=0 clientId=1: team=1 action=Defence ownerPlayer(team1)=0 → принято.
00:10:35.543 [Log] [MatchManager] Точка защиты команды 1 изменилась → DefPointB2.
00:10:35.543 [Log] [MatchManager] ЗАЩИТА: команда 1 (player=0), юнитов=0, точка=DefPointB2.
00:10:36.839 [Log] [MatchManager] Волна #1 — спавним обе команды.
00:10:36.845 [Log] [MatchManager] Команда 0: ChangeAmount — игрок=1, ресурс=Gold, сумма=15, multiplier=1, decrease=true, calledByServer=true.
00:10:36.851 [Log] [MatchManager] Спавн волны команды 0 (player=1): цель=CentralPoint, точка спавна=(67.42, 0.00, 7.85).
00:10:36.873 [Log] [MatchManager] Волна команды 0: заспавнено 3 юнитов.
00:10:36.887 [Log] [MatchManager] Команда 1: ChangeAmount — игрок=0, ресурс=Gold, сумма=15, multiplier=1, decrease=true, calledByServer=true.
00:10:36.888 [Log] [MatchManager] Спавн волны команды 1 (player=0): цель=CentralPoint, точка спавна=(68.63, 0.00, 122.00).
00:10:36.889 [Log] [MatchManager] Волна команды 1: заспавнено 3 юнитов.
00:10:37.971 [Log] [TeamCommand] От sender(slot)=1 clientId=2: team=0 action=Defence ownerPlayer(team0)=1 → принято.
00:10:37.971 [Log] [MatchManager] Точка защиты команды 0 изменилась → DefPointA2.
00:10:37.972 [Log] [MatchManager] ЗАЩИТА: команда 0 (player=1), юнитов=3, точка=DefPointA2.
00:10:46.863 [Log] [MatchManager] Волна #2 — спавним обе команды.
00:10:46.863 [Log] [MatchManager] Команда 0: ChangeAmount — игрок=1, ресурс=Gold, сумма=15, multiplier=1, decrease=true, calledByServer=true.
00:10:46.864 [Log] [MatchManager] Спавн волны команды 0 (player=1): цель=CentralPoint, точка спавна=(67.42, 0.00, 7.85).
00:10:46.867 [Log] [MatchManager] Волна команды 0: заспавнено 3 юнитов.
00:10:46.868 [Log] [MatchManager] Команда 1: ChangeAmount — игрок=0, ресурс=Gold, сумма=15, multiplier=1, decrease=true, calledByServer=true.
00:10:46.868 [Log] [MatchManager] Спавн волны команды 1 (player=0): цель=CentralPoint, точка спавна=(68.63, 0.00, 122.00).
00:10:46.872 [Log] [MatchManager] Волна команды 1: заспавнено 3 юнитов.
00:10:47.363 [Log] [TeamCommand] От sender(slot)=1 clientId=2: team=0 action=Attack ownerPlayer(team0)=1 → принято.
00:10:47.367 [Log] [MatchManager] Точка атаки команды 0 изменилась → CentralPoint.
00:10:47.367 [Log] [MatchManager] АТАКА: команда 0 (player=1), юнитов=6, цель=CentralPoint, режим=сервер(FormationMarch).
00:10:49.232 [Log] [TeamCommand] От sender(slot)=1 clientId=2: team=0 action=Defence ownerPlayer(team0)=1 → принято.
00:10:49.233 [Log] [MatchManager] ЗАЩИТА: команда 0 (player=1), юнитов=6, точка=DefPointA2.
00:10:49.238 [Log] [MatchManager] Юнит погиб: Footman(Clone) (команда 1, player=0).
00:10:50.235 [Log] [MatchManager] Юнит погиб: Footman(Clone) (команда 1, player=0).
00:10:50.769 [Log] [MatchManager] Юнит погиб: Footman(Clone) (команда 0, player=1).
00:10:56.876 [Log] [MatchManager] Волна #3 — спавним обе команды.
00:10:56.877 [Log] [MatchManager] Команда 0: ChangeAmount — игрок=1, ресурс=Gold, сумма=15, multiplier=1, decrease=true, calledByServer=true.
00:10:56.877 [Log] [MatchManager] Спавн волны команды 0 (player=1): цель=CentralPoint, точка спавна=(67.42, 0.00, 7.85).
00:10:56.881 [Log] [MatchManager] Волна команды 0: заспавнено 3 юнитов.
00:10:56.881 [Log] [MatchManager] Команда 1: ChangeAmount — игрок=0, ресурс=Gold, сумма=15, multiplier=1, decrease=true, calledByServer=true.
00:10:56.881 [Log] [MatchManager] Спавн волны команды 1 (player=0): цель=CentralPoint, точка спавна=(68.63, 0.00, 122.00).
00:10:56.884 [Log] [MatchManager] Волна команды 1: заспавнено 3 юнитов.
00:10:58.211 [Log] [TeamCommand] От sender(slot)=0 clientId=1: team=1 action=Attack ownerPlayer(team1)=0 → принято.
00:10:58.211 [Log] [MatchManager] Точка атаки команды 1 изменилась → CentralPoint.
00:10:58.211 [Log] [MatchManager] АТАКА: команда 1 (player=0), юнитов=7, цель=CentralPoint, режим=сервер(FormationMarch).
00:11:02.768 [Log] [TeamCommand] От sender(slot)=0 clientId=1: team=1 action=Defence ownerPlayer(team1)=0 → принято.
00:11:02.768 [Log] [MatchManager] ЗАЩИТА: команда 1 (player=0), юнитов=7, точка=DefPointB2.
00:11:04.537 [Log] [MatchManager] Юнит погиб: Footman(Clone) (команда 1, player=0).
00:11:04.538 [Log] [MatchManager] Юнит погиб: Footman(Clone) (команда 1, player=0).
00:11:04.805 [Log] [MatchManager] Юнит погиб: Footman(Clone) (команда 0, player=1).
00:11:05.540 [Log] [MatchManager] Юнит погиб: Rifleman(Clone) (команда 1, player=0).
00:11:05.807 [Log] [MatchManager] Юнит погиб: Rifleman(Clone) (команда 0, player=1).
00:11:06.907 [Log] [MatchManager] Волна #4 — спавним обе команды.
00:11:06.907 [Log] [MatchManager] Команда 0: ChangeAmount — игрок=1, ресурс=Gold, сумма=15, multiplier=1, decrease=true, calledByServer=true.
00:11:06.907 [Log] [MatchManager] Спавн волны команды 0 (player=1): цель=CentralPoint, точка спавна=(67.42, 0.00, 7.85).
00:11:06.911 [Log] [MatchManager] Волна команды 0: заспавнено 3 юнитов.
00:11:06.911 [Log] [MatchManager] Команда 1: ChangeAmount — игрок=0, ресурс=Gold, сумма=15, multiplier=1, decrease=true, calledByServer=true.
00:11:06.911 [Log] [MatchManager] Спавн волны команды 1 (player=0): цель=CentralPoint, точка спавна=(68.63, 0.00, 122.00).
00:11:06.914 [Log] [MatchManager] Волна команды 1: заспавнено 3 юнитов.
00:11:08.811 [Log] [MatchManager] Юнит погиб: Rifleman(Clone) (команда 0, player=1).
00:11:09.815 [Log] [MatchManager] УНИЧТОЖЕНА БАШНЯ: CannonTowerOwn2 (owner=0, убийца player=1, юнит=Rifleman(Clone)).
00:11:09.816 [Log] [MatchManager] Точка DefPointA2 захвачена: команда 0 → 1.
00:11:09.818 [Log] [MatchManager] ЗАХВАТ DefPointA2 (ID=17238): towerAlive=False, currentTeam=1. NextAttackTarget(team=1) = (67.67, 63.48)
00:11:09.819 [Log] [MatchManager] Lane-точки для team=1: [0]CastlePointA(ID=17230) team=0 towerAlive=True type=Castle ownedByAttacker=False, [1]DefPointA1(ID=17236) team=0 towerAlive=True type=Defence1 ownedByAttacker=False, [2]DefPointA2(ID=17238) team=1 towerAlive=False type=Defence2 ownedByAttacker=True, [3]CentralPoint(ID=17232) team=-1 towerAlive=True type=Centre ownedByAttacker=False, [4]DefPointB2(ID=17220) team=1 towerAlive=True type=Defence2 ownedByAttacker=True, [5]DefPointB1(ID=17210) team=1 towerAlive=True type=Defence1 ownedByAttacker=True, [6]CastlePointB(ID=17224) team=1 towerAlive=True type=Castle ownedByAttacker=True
00:11:09.821 [Log] [MatchManager] RefreshTargetPoints: точка защиты команды 0 → DefPointA1.
00:11:09.821 [Log] [MatchManager] Следующие цели команды 0: атака=CentralPoint, защита=DefPointA1.
00:11:09.821 [Log] [MatchManager] Следующие цели команды 1: атака=CentralPoint, защита=DefPointB2.
00:11:09.822 [Log] [MatchManager] ЗАЩИТА: команда 0 (player=1), юнитов=8, точка=DefPointA1.
00:11:09.822 [Log] [MatchManager] ЗАЩИТА: команда 1 (player=0), юнитов=7, точка=DefPointB2.
00:11:10.548 [Log] [MatchManager] Юнит погиб: Footman(Clone) (команда 1, player=0).
00:11:12.552 [Log] [MatchManager] Юнит погиб: Footman(Clone) (команда 1, player=0).
00:11:13.571 [Log] [MatchManager] Юнит погиб: Rifleman(Clone) (команда 1, player=0).
00:11:14.807 [Log] [MatchManager] Юнит погиб: Footman(Clone) (команда 0, player=1).
=== end 2026-06-27 00:11:16 ===
