=== Interflow server log === start 2026-06-27 01:05:07 ===
unityVersion=6000.4.7f1 platform=WindowsServer headless=True args=D:\Interflow\Interflow\Server\Interflow.exe -batchmode -nographics -logFile -
01:05:07.892 [Log] [ServerBootstrap] Start: headless=True, gfx=Null, batchmode=True, автозапуск=True, injectMenuButton=True.
01:05:08.075 [Log] [ServerBootstrap] Сервер запущен (StartServer). Ожидание игроков: 2.
01:05:29.664 [Log] Approved: joined Player0, 1 at slot 0
01:05:37.197 [Log] Approved: joined Player01, 2 at slot 1
01:05:37.331 [Log] [ServerBootstrap] Набралось игроков (2) — отсчёт 15с до старта.
01:05:52.347 [Log] [ServerBootstrap] Отсчёт завершён — старт матча.
01:05:52.448 [Warning] No mesh data available for mesh ArrowPlane on particle system Arrow. Make sure Read/Write Enabled is set in the importer to work on the particle system renderer
01:05:52.448 [Warning] No mesh data available for mesh ArrowPlane on particle system Arrow. Make sure Read/Write Enabled is set in the importer to work on the particle system renderer
01:05:52.448 [Warning] No mesh data available for mesh ArrowPlane on particle system Arrow. Make sure Read/Write Enabled is set in the importer to work on the particle system renderer
01:05:52.448 [Warning] No mesh data available for mesh ArrowPlane on particle system Arrow. Make sure Read/Write Enabled is set in the importer to work on the particle system renderer
01:05:52.448 [Warning] No mesh data available for mesh ArrowPlane on particle system Arrow. Make sure Read/Write Enabled is set in the importer to work on the particle system renderer
01:05:52.449 [Warning] No mesh data available for mesh ArrowPlane on particle system Arrow. Make sure Read/Write Enabled is set in the importer to work on the particle system renderer
01:05:52.597 [Warning] The referenced script (Unknown) on this Behaviour is missing!
01:05:52.597 [Warning] The referenced script on this Behaviour (Game Object '<null>') is missing!
01:05:52.597 [Error] A scripted object (script unknown or not yet loaded) has a different serialization layout when loading. (Read 40 bytes but expected 140 bytes)
Did you #if UNITY_EDITOR a section of your serialized properties in any of your scripts?
01:05:52.861 [Log] [MatchManager] Точка DefPointA2: towerPrefab не назначен — захват без отстройки (OK для Defence-точек).
01:05:52.861 [Log] [MatchManager] Точка DefPointA1: towerPrefab не назначен — захват без отстройки (OK для Defence-точек).
01:05:52.861 [Log] [MatchManager] Точка DefPointB2: towerPrefab не назначен — захват без отстройки (OK для Defence-точек).
01:05:52.861 [Log] [MatchManager] Точка DefPointB1: towerPrefab не назначен — захват без отстройки (OK для Defence-точек).
01:05:52.861 [Warning] [MatchManager] GameManager.specificUnitsDead не настроен — победа по уничтожению базы не сработает. Задайте NetID баз и winningTeam в Inspector у GameManager.
01:05:52.863 [Log] [MatchManager] Подписка на смерть башни CentralTower.
01:05:52.863 [Log] [MatchManager] Подписка на смерть башни CannonTowerOwn2.
01:05:52.863 [Log] [MatchManager] Подписка на смерть башни CannonTowerOwn1.
01:05:52.863 [Log] [MatchManager] Подписка на смерть башни CannonTowerEnemy2.
01:05:52.863 [Log] [MatchManager] Подписка на смерть башни CannonTowerEnemy1.
01:05:54.102 [Log] [MatchManager] Матч начался — запускаем волны.
01:05:54.104 [Log] [MatchManager] КАРТА КОМАНД: team0(teamA).ownerPlayer=0, team1(teamB).ownerPlayer=1; playerTeam[slot]=[0,1,2,3,4,5,6,7,8,9,10,11,12,13]; СВЕРКА: playerTeam[team0.owner]=0 (ожид 0), playerTeam[team1.owner]=1 (ожид 1).
01:05:54.107 [Log] [MatchManager] Ожидаем первую волну 5 сек.
01:05:59.067 [Log] [MatchManager] Волна #1 — спавним обе команды.
01:05:59.072 [Log] [MatchManager] Команда 0: ChangeAmount — игрок=0, ресурс=Gold, сумма=15, multiplier=1, decrease=true, calledByServer=true.
01:05:59.077 [Log] [MatchManager] Спавн волны команды 0 (player=0): цель=CentralPoint, точка спавна=(67.42, 0.00, 7.85).
01:05:59.105 [Log] [MatchManager] Волна команды 0: заспавнено 3 юнитов.
01:05:59.118 [Log] [MatchManager] Команда 1: ChangeAmount — игрок=1, ресурс=Gold, сумма=15, multiplier=1, decrease=true, calledByServer=true.
01:05:59.119 [Log] [MatchManager] Спавн волны команды 1 (player=1): цель=CentralPoint, точка спавна=(68.63, 0.00, 122.00).
01:05:59.123 [Log] [MatchManager] Волна команды 1: заспавнено 3 юнитов.
01:05:59.266 [Log] [TeamCommand] От sender(slot)=1 clientId=2: team=1 action=Defence ownerPlayer(team1)=1 → принято.
01:05:59.266 [Log] [MatchManager] Точка защиты команды 1 изменилась → DefPointB2.
01:05:59.269 [Log] [MatchManager] ЗАЩИТА: команда 1 (player=1), юнитов=3, точка=DefPointB2.
01:06:02.985 [Log] [TeamCommand] От sender(slot)=0 clientId=1: team=0 action=Defence ownerPlayer(team0)=0 → принято.
01:06:03.029 [Log] [MatchManager] Точка защиты команды 0 изменилась → DefPointA2.
01:06:03.044 [Log] [MatchManager] ЗАЩИТА: команда 0 (player=0), юнитов=3, точка=DefPointA2.
01:06:09.088 [Log] [MatchManager] Волна #2 — спавним обе команды.
01:06:09.090 [Log] [MatchManager] Команда 1: ChangeAmount — игрок=1, ресурс=Gold, сумма=15, multiplier=1, decrease=true, calledByServer=true.
01:06:09.090 [Log] [MatchManager] Спавн волны команды 1 (player=1): цель=CentralPoint, точка спавна=(68.63, 0.00, 122.00).
01:06:09.094 [Log] [MatchManager] Волна команды 1: заспавнено 3 юнитов.
01:06:11.359 [Warning] [WaveComposition] Запрос отклонён owner-гейтом: team=0, sender=1, ownerPlayer=0.
01:06:12.193 [Warning] [WaveComposition] Запрос отклонён owner-гейтом: team=0, sender=1, ownerPlayer=0.
01:06:12.393 [Warning] [WaveComposition] Запрос отклонён owner-гейтом: team=0, sender=1, ownerPlayer=0.
01:06:12.560 [Warning] [WaveComposition] Запрос отклонён owner-гейтом: team=0, sender=1, ownerPlayer=0.
01:06:12.827 [Warning] [WaveComposition] Запрос отклонён owner-гейтом: team=0, sender=1, ownerPlayer=0.
01:06:12.995 [Warning] [WaveComposition] Запрос отклонён owner-гейтом: team=0, sender=1, ownerPlayer=0.
01:06:13.161 [Warning] [WaveComposition] Запрос отклонён owner-гейтом: team=0, sender=1, ownerPlayer=0.
01:06:13.461 [Warning] [WaveComposition] Запрос отклонён owner-гейтом: team=0, sender=1, ownerPlayer=0.
01:06:13.595 [Warning] [WaveComposition] Запрос отклонён owner-гейтом: team=0, sender=1, ownerPlayer=0.
01:06:13.829 [Warning] [WaveComposition] Запрос отклонён owner-гейтом: team=0, sender=1, ownerPlayer=0.
01:06:13.963 [Warning] [WaveComposition] Запрос отклонён owner-гейтом: team=0, sender=1, ownerPlayer=0.
01:06:14.196 [Warning] [WaveComposition] Запрос отклонён owner-гейтом: team=0, sender=1, ownerPlayer=0.
01:06:14.363 [Warning] [WaveComposition] Запрос отклонён owner-гейтом: team=0, sender=1, ownerPlayer=0.
01:06:17.966 [Warning] [WaveComposition] Запрос отклонён owner-гейтом: team=0, sender=1, ownerPlayer=0.
01:06:18.534 [Warning] [WaveComposition] Запрос отклонён owner-гейтом: team=0, sender=1, ownerPlayer=0.
01:06:18.842 [Warning] [WaveComposition] Запрос отклонён owner-гейтом: team=0, sender=1, ownerPlayer=0.
01:06:19.109 [Log] [MatchManager] Волна #3 — спавним обе команды.
01:06:19.110 [Log] [MatchManager] Команда 1: ChangeAmount — игрок=1, ресурс=Gold, сумма=15, multiplier=1, decrease=true, calledByServer=true.
01:06:19.110 [Log] [MatchManager] Спавн волны команды 1 (player=1): цель=CentralPoint, точка спавна=(68.63, 0.00, 122.00).
01:06:19.114 [Log] [MatchManager] Волна команды 1: заспавнено 3 юнитов.
01:06:20.787 [Warning] [WaveComposition] Запрос отклонён owner-гейтом: team=0, sender=1, ownerPlayer=0.
01:06:23.357 [Log] [TeamCommand] От sender(slot)=1 clientId=2: team=1 action=Attack ownerPlayer(team1)=1 → принято.
01:06:23.358 [Log] [MatchManager] Точка атаки команды 1 изменилась → CentralPoint.
01:06:23.358 [Log] [MatchManager] АТАКА: команда 1 (player=1), юнитов=9, цель=CentralPoint, режим=сервер(FormationMarch).
01:06:25.927 [Log] [TeamCommand] От sender(slot)=1 clientId=2: team=1 action=Defence ownerPlayer(team1)=1 → принято.
01:06:25.927 [Log] [MatchManager] ЗАЩИТА: команда 1 (player=1), юнитов=9, точка=DefPointB2.
01:06:29.138 [Log] [MatchManager] Волна #4 — спавним обе команды.
01:06:29.138 [Log] [MatchManager] Команда 1: ChangeAmount — игрок=1, ресурс=Gold, сумма=15, multiplier=1, decrease=true, calledByServer=true.
01:06:29.138 [Log] [MatchManager] Спавн волны команды 1 (player=1): цель=CentralPoint, точка спавна=(68.63, 0.00, 122.00).
01:06:29.140 [Log] [MatchManager] Волна команды 1: заспавнено 3 юнитов.
01:06:39.153 [Log] [MatchManager] Волна #5 — спавним обе команды.
01:06:39.153 [Warning] [MatchManager] Команда 1: лидерство волны (6) не влезает в кап карты — волна пропущена.
01:06:49.170 [Log] [MatchManager] Волна #6 — спавним обе команды.
01:06:49.171 [Warning] [MatchManager] Команда 1: лидерство волны (6) не влезает в кап карты — волна пропущена.
=== end 2026-06-27 01:06:59 ===
