=== Interflow server log === start 2026-06-26 21:28:24 ===
unityVersion=6000.4.7f1 platform=WindowsServer headless=True args=D:\Interflow\Interflow\Server\Interflow.exe -batchmode -nographics -logFile -
21:28:25.074 [Log] [ServerBootstrap] Start: headless=True, gfx=Null, batchmode=True, автозапуск=True, injectMenuButton=True.
21:28:25.337 [Log] [ServerBootstrap] Сервер запущен (StartServer). Ожидание игроков: 2.
21:28:30.738 [Log] Approved: joined Player0, 1 at slot 0
21:28:39.466 [Log] Approved: joined Player01, 2 at slot 1
21:28:39.635 [Log] [ServerBootstrap] Набралось игроков (2) — старт матча.
21:28:39.665 [Exception] NullReferenceException: Object reference not set to an instance of an object
StrategyCore.NetworkConnectionHandler.ClientConnected (System.UInt64 clientId) (at <37904b6a1a4c48489d2a2a051f89700f>:0)
Unity.Netcode.NetworkConnectionManager.InvokeOnClientConnectedCallback (System.UInt64 clientId) (at <bfac77e1edfe4dcdbfa640d231cf6680>:0)
UnityEngine.Debug:LogException(Exception)
Unity.Netcode.NetworkConnectionManager:InvokeOnClientConnectedCallback(UInt64)
Unity.Netcode.NetworkSceneManager:HandleSessionOwnerEvent(UInt32, UInt64)
Unity.Netcode.NetworkSceneManager:HandleSceneEvent(UInt64, FastBufferReader)
Unity.Netcode.SceneEventMessage:Handle(NetworkContext&)
Unity.Netcode.NetworkMessageManager:ReceiveMessage(FastBufferReader, NetworkContext&, NetworkMessageManager)
Unity.Netcode.NetworkMessageManager:HandleMessage(NetworkMessageHeader&, FastBufferReader, UInt64, Single, Int32)
Unity.Netcode.NetworkMessageManager:ProcessIncomingMessageQueue()
Unity.Netcode.NetworkManager:NetworkUpdate(NetworkUpdateStage)
Unity.Netcode.NetworkUpdateLoop:RunNetworkUpdateStage(NetworkUpdateStage)
Unity.Netcode.<>c:<CreateLoopSystem>b__0_0()
21:28:39.807 [Warning] No mesh data available for mesh ArrowPlane on particle system Arrow. Make sure Read/Write Enabled is set in the importer to work on the particle system renderer
21:28:39.808 [Warning] No mesh data available for mesh ArrowPlane on particle system Arrow. Make sure Read/Write Enabled is set in the importer to work on the particle system renderer
21:28:39.809 [Warning] No mesh data available for mesh ArrowPlane on particle system Arrow. Make sure Read/Write Enabled is set in the importer to work on the particle system renderer
21:28:39.809 [Warning] No mesh data available for mesh ArrowPlane on particle system Arrow. Make sure Read/Write Enabled is set in the importer to work on the particle system renderer
21:28:39.809 [Warning] No mesh data available for mesh ArrowPlane on particle system Arrow. Make sure Read/Write Enabled is set in the importer to work on the particle system renderer
21:28:39.809 [Warning] No mesh data available for mesh ArrowPlane on particle system Arrow. Make sure Read/Write Enabled is set in the importer to work on the particle system renderer
21:28:40.137 [Warning] The referenced script (Unknown) on this Behaviour is missing!
21:28:40.154 [Warning] The referenced script on this Behaviour (Game Object '<null>') is missing!
21:28:40.155 [Error] A scripted object (script unknown or not yet loaded) has a different serialization layout when loading. (Read 40 bytes but expected 140 bytes)
Did you #if UNITY_EDITOR a section of your serialized properties in any of your scripts?
21:28:40.827 [Log] [MatchManager] Точка DefPointA2: towerPrefab не назначен — захват без отстройки (OK для Defence-точек).
21:28:40.862 [Log] [MatchManager] Точка DefPointA1: towerPrefab не назначен — захват без отстройки (OK для Defence-точек).
21:28:40.896 [Log] [MatchManager] Точка DefPointB2: towerPrefab не назначен — захват без отстройки (OK для Defence-точек).
21:28:40.931 [Log] [MatchManager] Точка DefPointB1: towerPrefab не назначен — захват без отстройки (OK для Defence-точек).
21:28:40.961 [Warning] [MatchManager] GameManager.specificUnitsDead не настроен — победа по уничтожению базы не сработает. Задайте NetID баз и winningTeam в Inspector у GameManager.
21:28:40.964 [Log] [MatchManager] Подписка на смерть башни CentralTower.
21:28:40.964 [Log] [MatchManager] Подписка на смерть башни CannonTowerOwn2.
21:28:40.964 [Log] [MatchManager] Подписка на смерть башни CannonTowerOwn1.
21:28:40.964 [Log] [MatchManager] Подписка на смерть башни CannonTowerEnemy2.
21:28:40.964 [Log] [MatchManager] Подписка на смерть башни CannonTowerEnemy1.
21:28:42.308 [Log] [MatchManager] Матч начался — запускаем волны.
21:28:42.315 [Log] [MatchManager] Ожидаем первую волну 5 сек.
21:28:43.361 [Log] [MatchManager] Точка защиты команды 1 изменилась → DefPointB2.
21:28:43.362 [Log] [MatchManager] ЗАЩИТА: команда 1 (player=1), юнитов=0, точка=DefPointB2.
21:28:47.216 [Log] [MatchManager] Волна #1 — спавним обе команды.
21:28:47.223 [Log] [MatchManager] Команда 0: ChangeAmount — игрок=0, ресурс=Gold, сумма=15, multiplier=1, decrease=true, calledByServer=true.
21:28:47.229 [Log] [MatchManager] Спавн волны команды 0 (player=0): цель=CentralPoint, точка спавна=(67.42, 0.00, 7.85).
21:28:47.263 [Log] [MatchManager] Волна команды 0: заспавнено 3 юнитов.
21:28:47.289 [Log] [MatchManager] Команда 1: ChangeAmount — игрок=1, ресурс=Gold, сумма=15, multiplier=1, decrease=true, calledByServer=true.
21:28:47.291 [Log] [MatchManager] Спавн волны команды 1 (player=1): цель=CentralPoint, точка спавна=(68.63, 0.00, 122.00).
21:28:47.295 [Log] [MatchManager] Волна команды 1: заспавнено 3 юнитов.
21:28:52.527 [Log] [FlameCloakActive] Use вызван: кастер=CastleOwn, игрок=0, уровень=0.
21:28:52.541 [Log] [FlameCloakActive] Плащ наложен на юнитов команды: 3 [Rifleman(Clone)(owner=0), Rifleman(Clone)(owner=0), Footman(Clone)(owner=0)] (dps=20, радиус+=0,5, длит=7с).
21:28:56.956 [Log] [MatchManager] Точка защиты команды 0 изменилась → DefPointA2.
21:28:56.958 [Log] [MatchManager] ЗАЩИТА: команда 0 (player=0), юнитов=3, точка=DefPointA2.
21:28:57.245 [Log] [MatchManager] Волна #2 — спавним обе команды.
21:28:57.245 [Log] [MatchManager] Команда 0: ChangeAmount — игрок=0, ресурс=Gold, сумма=15, multiplier=1, decrease=true, calledByServer=true.
21:28:57.247 [Log] [MatchManager] Спавн волны команды 0 (player=0): цель=CentralPoint, точка спавна=(67.42, 0.00, 7.85).
21:28:57.250 [Log] [MatchManager] Волна команды 0: заспавнено 3 юнитов.
21:28:57.259 [Log] [MatchManager] Команда 1: ChangeAmount — игрок=1, ресурс=Gold, сумма=15, multiplier=1, decrease=true, calledByServer=true.
21:28:57.260 [Log] [MatchManager] Спавн волны команды 1 (player=1): цель=CentralPoint, точка спавна=(68.63, 0.00, 122.00).
21:28:57.263 [Log] [MatchManager] Волна команды 1: заспавнено 3 юнитов.
21:29:04.967 [Log] [MatchManager] Точка атаки команды 1 изменилась → CentralPoint.
21:29:04.967 [Log] [MatchManager] АТАКА: команда 1 (player=1), юнитов=6, цель=CentralPoint, режим=сервер(FormationMarch).
21:29:05.798 [Log] [FlameCloakActive] Use вызван: кастер=CastleEnemy, игрок=1, уровень=0.
21:29:05.801 [Log] [FlameCloakActive] Плащ наложен на юнитов команды: 6 [Footman(Clone)(owner=1), Footman(Clone)(owner=1), Rifleman(Clone)(owner=1), Footman(Clone)(owner=1), Footman(Clone)(owner=1), Rifleman(Clone)(owner=1)] (dps=20, радиус+=0,5, длит=7с).
21:29:07.253 [Log] [MatchManager] Волна #3 — спавним обе команды.
21:29:07.262 [Log] [MatchManager] Команда 0: ChangeAmount — игрок=0, ресурс=Gold, сумма=15, multiplier=1, decrease=true, calledByServer=true.
21:29:07.267 [Log] [MatchManager] Спавн волны команды 0 (player=0): цель=CentralPoint, точка спавна=(67.42, 0.00, 7.85).
21:29:07.281 [Log] [MatchManager] Волна команды 0: заспавнено 3 юнитов.
21:29:07.282 [Log] [MatchManager] Команда 1: ChangeAmount — игрок=1, ресурс=Gold, сумма=15, multiplier=1, decrease=true, calledByServer=true.
21:29:07.283 [Log] [MatchManager] Спавн волны команды 1 (player=1): цель=CentralPoint, точка спавна=(68.63, 0.00, 122.00).
21:29:07.300 [Log] [MatchManager] Волна команды 1: заспавнено 3 юнитов.
21:29:07.300 [Log] [MatchManager] АТАКА: команда 1 (player=1), юнитов=9, цель=CentralPoint, режим=сервер(FormationMarch).
21:29:09.394 [Log] [MatchManager] УНИЧТОЖЕНА БАШНЯ: CentralTower (owner=13, убийца player=1, юнит=Rifleman(Clone)).
21:29:09.402 [Log] [MatchManager] Точка CentralPoint захвачена: команда -1 → 1.
21:29:09.403 [Log] [MatchManager] ЗАХВАТ CentralPoint (ID=17232): towerAlive=False, currentTeam=1. NextAttackTarget(team=1) = (67.32, 45.55)
21:29:09.408 [Log] [MatchManager] Lane-точки для team=1: [0]CastlePointA(ID=17230) team=0 towerAlive=True type=Castle ownedByAttacker=False, [1]DefPointA1(ID=17236) team=0 towerAlive=True type=Defence1 ownedByAttacker=False, [2]DefPointA2(ID=17238) team=0 towerAlive=True type=Defence2 ownedByAttacker=False, [3]CentralPoint(ID=17232) team=1 towerAlive=False type=Centre ownedByAttacker=True, [4]DefPointB2(ID=17220) team=1 towerAlive=True type=Defence2 ownedByAttacker=True, [5]DefPointB1(ID=17210) team=1 towerAlive=True type=Defence1 ownedByAttacker=True, [6]CastlePointB(ID=17224) team=1 towerAlive=True type=Castle ownedByAttacker=True
21:29:09.409 [Log] [MatchManager] RefreshTargetPoints: точка атаки команды 0 → CentralPoint.
21:29:09.410 [Log] [MatchManager] RefreshTargetPoints: точка атаки команды 1 → DefPointA2.
21:29:09.411 [Log] [MatchManager] RefreshTargetPoints: точка защиты команды 1 → CentralPoint.
21:29:09.411 [Log] [MatchManager] Следующие цели команды 0: атака=CentralPoint, защита=DefPointA2.
21:29:09.412 [Log] [MatchManager] Следующие цели команды 1: атака=DefPointA2, защита=CentralPoint.
21:29:09.412 [Log] [MatchManager] ЗАЩИТА: команда 0 (player=0), юнитов=9, точка=DefPointA2.
21:29:09.415 [Log] [MatchManager] АТАКА: команда 1 (player=1), юнитов=9, цель=DefPointA2, режим=сервер(FormationMarch).
21:29:09.417 [Log] [MatchManager] Запускаем отстройку башни для точки CentralPoint (player=1, задержка=1 сек).
21:29:10.346 [Log] [HeavensBlessingActive] Use вызван: кастер=CastleEnemy, игрок=1, уровень=0.
21:29:10.356 [Log] [HeavensBlessingActive] Благословение наложено на юнитов команды: 9 [Footman(Clone)(owner=1), Footman(Clone)(owner=1), Rifleman(Clone)(owner=1), Footman(Clone)(owner=1), Footman(Clone)(owner=1), Rifleman(Clone)(owner=1), Footman(Clone)(owner=1), Footman(Clone)(owner=1), Rifleman(Clone)(owner=1)] (instant=25% maxHP, perSec=2%/с, длит=0с).
21:29:10.416 [Log] [MatchManager] Башня отстроена: ArrowTower(Clone) для точки CentralPoint (player=1, netID=40960).
21:29:10.417 [Log] [MatchManager] Подписка на смерть башни ArrowTower(Clone).
21:29:13.942 [Log] [HeavensBlessingActive] Use вызван: кастер=CastleEnemy, игрок=1, уровень=0.
21:29:13.942 [Log] [HeavensBlessingActive] Благословение наложено на юнитов команды: 9 [Footman(Clone)(owner=1), Footman(Clone)(owner=1), Rifleman(Clone)(owner=1), Footman(Clone)(owner=1), Footman(Clone)(owner=1), Rifleman(Clone)(owner=1), Footman(Clone)(owner=1), Footman(Clone)(owner=1), Rifleman(Clone)(owner=1)] (instant=25% maxHP, perSec=2%/с, длит=0с).
21:29:14.592 [Log] [MatchManager] Юнит погиб: Footman(Clone) (команда 1, player=1).
21:29:14.855 [Log] [HeavensBlessingActive] Use вызван: кастер=CastleEnemy, игрок=1, уровень=0.
21:29:14.860 [Log] [HeavensBlessingActive] Благословение наложено на юнитов команды: 8 [Footman(Clone)(owner=1), Rifleman(Clone)(owner=1), Footman(Clone)(owner=1), Footman(Clone)(owner=1), Rifleman(Clone)(owner=1), Footman(Clone)(owner=1), Footman(Clone)(owner=1), Rifleman(Clone)(owner=1)] (instant=25% maxHP, perSec=2%/с, длит=0с).
21:29:17.259 [Log] [MatchManager] Волна #4 — спавним обе команды.
21:29:17.261 [Log] [MatchManager] Команда 0: ChangeAmount — игрок=0, ресурс=Gold, сумма=15, multiplier=1, decrease=true, calledByServer=true.
21:29:17.261 [Log] [MatchManager] Спавн волны команды 0 (player=0): цель=CentralPoint, точка спавна=(67.42, 0.00, 7.85).
21:29:17.263 [Log] [MatchManager] Волна команды 0: заспавнено 3 юнитов.
21:29:17.264 [Log] [MatchManager] Команда 1: ChangeAmount — игрок=1, ресурс=Gold, сумма=15, multiplier=1, decrease=true, calledByServer=true.
21:29:17.264 [Log] [MatchManager] Спавн волны команды 1 (player=1): цель=DefPointA2, точка спавна=(68.63, 0.00, 122.00).
21:29:17.267 [Log] [MatchManager] Волна команды 1: заспавнено 3 юнитов.
21:29:17.271 [Log] [MatchManager] АТАКА: команда 1 (player=1), юнитов=11, цель=DefPointA2, режим=сервер(FormationMarch).
21:29:18.863 [Log] [MatchManager] Юнит погиб: Footman(Clone) (команда 1, player=1).
21:29:21.032 [Log] [FlameCloakActive] Use вызван: кастер=CastleOwn, игрок=0, уровень=0.
21:29:21.050 [Log] [FlameCloakActive] Плащ наложен на юнитов команды: 12 [Rifleman(Clone)(owner=0), Rifleman(Clone)(owner=0), Footman(Clone)(owner=0), Rifleman(Clone)(owner=0), Rifleman(Clone)(owner=0), Footman(Clone)(owner=0), Rifleman(Clone)(owner=0), Rifleman(Clone)(owner=0), Footman(Clone)(owner=0), Rifleman(Clone)(owner=0), Rifleman(Clone)(owner=0), Footman(Clone)(owner=0)] (dps=20, радиус+=0,5, длит=7с).
21:29:21.980 [Log] [MatchManager] Юнит погиб: Footman(Clone) (команда 1, player=1).
21:29:22.088 [Log] [MatchManager] Юнит погиб: Footman(Clone) (команда 0, player=0).
21:29:23.511 [Log] [HeavensBlessingActive] Use вызван: кастер=CastleOwn, игрок=0, уровень=0.
21:29:23.512 [Log] [HeavensBlessingActive] Благословение наложено на юнитов команды: 11 [Rifleman(Clone)(owner=0), Rifleman(Clone)(owner=0), Rifleman(Clone)(owner=0), Rifleman(Clone)(owner=0), Footman(Clone)(owner=0), Rifleman(Clone)(owner=0), Rifleman(Clone)(owner=0), Footman(Clone)(owner=0), Rifleman(Clone)(owner=0), Rifleman(Clone)(owner=0), Footman(Clone)(owner=0)] (instant=25% maxHP, perSec=2%/с, длит=0с).
21:29:26.141 [Log] [MatchManager] Юнит погиб: Footman(Clone) (команда 1, player=1).
21:29:26.877 [Log] [MatchManager] Юнит погиб: Rifleman(Clone) (команда 1, player=1).
21:29:27.264 [Log] [MatchManager] Волна #5 — спавним обе команды.
21:29:27.264 [Warning] [MatchManager] Команда 0: лидерство волны (6) не влезает в кап карты — волна пропущена.
21:29:27.264 [Log] [MatchManager] Команда 1: ChangeAmount — игрок=1, ресурс=Gold, сумма=15, multiplier=1, decrease=true, calledByServer=true.
21:29:27.265 [Log] [MatchManager] Спавн волны команды 1 (player=1): цель=DefPointA2, точка спавна=(68.63, 0.00, 122.00).
21:29:27.271 [Log] [MatchManager] Волна команды 1: заспавнено 3 юнитов.
21:29:27.271 [Log] [MatchManager] АТАКА: команда 1 (player=1), юнитов=10, цель=DefPointA2, режим=сервер(FormationMarch).
21:29:28.148 [Log] [MatchManager] Юнит погиб: Footman(Clone) (команда 1, player=1).
21:29:28.287 [Log] [MatchManager] Юнит погиб: Footman(Clone) (команда 1, player=1).
21:29:32.456 [Log] [MatchManager] Юнит погиб: Rifleman(Clone) (команда 1, player=1).
21:29:34.195 [Log] [MatchManager] Юнит погиб: Footman(Clone) (команда 1, player=1).
21:29:36.078 [Log] [MatchManager] Юнит погиб: Footman(Clone) (команда 1, player=1).
21:29:36.569 [Log] [MatchManager] Юнит погиб: Rifleman(Clone) (команда 1, player=1).
21:29:37.306 [Log] [MatchManager] Волна #6 — спавним обе команды.
21:29:37.336 [Warning] [MatchManager] Команда 0: лидерство волны (6) не влезает в кап карты — волна пропущена.
21:29:37.357 [Log] [MatchManager] Команда 1: ChangeAmount — игрок=1, ресурс=Gold, сумма=15, multiplier=1, decrease=true, calledByServer=true.
21:29:37.394 [Log] [MatchManager] Спавн волны команды 1 (player=1): цель=DefPointA2, точка спавна=(68.63, 0.00, 122.00).
21:29:37.411 [Log] [MatchManager] Волна команды 1: заспавнено 3 юнитов.
21:29:37.431 [Log] [MatchManager] АТАКА: команда 1 (player=1), юнитов=7, цель=DefPointA2, режим=сервер(FormationMarch).
21:29:38.949 [Log] [MatchManager] Юнит погиб: Rifleman(Clone) (команда 1, player=1).
21:29:42.730 [Log] [MatchManager] Юнит погиб: Footman(Clone) (команда 1, player=1).
21:29:43.909 [Log] [MatchManager] Юнит погиб: Footman(Clone) (команда 1, player=1).
21:29:45.385 [Log] [MatchManager] Юнит погиб: Footman(Clone) (команда 0, player=0).
21:29:46.899 [Log] [MatchManager] ЗАЩИТА: команда 1 (player=1), юнитов=4, точка=CentralPoint.
21:29:47.310 [Log] [MatchManager] Волна #7 — спавним обе команды.
21:29:47.311 [Warning] [MatchManager] Команда 0: лидерство волны (6) не влезает в кап карты — волна пропущена.
21:29:47.311 [Log] [MatchManager] Команда 1: ChangeAmount — игрок=1, ресурс=Gold, сумма=15, multiplier=1, decrease=true, calledByServer=true.
21:29:47.311 [Log] [MatchManager] Спавн волны команды 1 (player=1): цель=DefPointA2, точка спавна=(68.63, 0.00, 122.00).
21:29:47.314 [Log] [MatchManager] Волна команды 1: заспавнено 3 юнитов.
21:29:50.567 [Log] [MatchManager] Юнит погиб: Rifleman(Clone) (команда 1, player=1).
21:29:50.982 [Log] [MatchManager] АТАКА: команда 1 (player=1), юнитов=6, цель=DefPointA2, режим=сервер(FormationMarch).
21:29:56.457 [Log] [MatchManager] Юнит погиб: Rifleman(Clone) (команда 1, player=1).
21:29:57.311 [Log] [MatchManager] Волна #8 — спавним обе команды.
21:29:57.322 [Warning] [MatchManager] Команда 0: лидерство волны (6) не влезает в кап карты — волна пропущена.
21:29:57.325 [Log] [MatchManager] Команда 1: ChangeAmount — игрок=1, ресурс=Gold, сумма=15, multiplier=1, decrease=true, calledByServer=true.
21:29:57.326 [Log] [MatchManager] Спавн волны команды 1 (player=1): цель=DefPointA2, точка спавна=(68.63, 0.00, 122.00).
21:29:57.342 [Log] [MatchManager] Волна команды 1: заспавнено 3 юнитов.
21:29:57.342 [Log] [MatchManager] АТАКА: команда 1 (player=1), юнитов=8, цель=DefPointA2, режим=сервер(FormationMarch).
21:29:57.428 [Log] [MatchManager] ЗАЩИТА: команда 1 (player=1), юнитов=8, точка=CentralPoint.
21:29:59.416 [Log] [MatchManager] АТАКА: команда 0 (player=0), юнитов=10, цель=CentralPoint, режим=сервер(FormationMarch).
21:30:00.967 [Log] [MatchManager] Юнит погиб: Footman(Clone) (команда 1, player=1).
21:30:02.336 [Log] [MatchManager] Юнит погиб: Footman(Clone) (команда 1, player=1).
21:30:02.479 [Log] [MatchManager] Юнит погиб: Footman(Clone) (команда 1, player=1).
21:30:06.561 [Log] [MatchManager] Юнит погиб: Rifleman(Clone) (команда 1, player=1).
21:30:07.343 [Log] [MatchManager] Волна #9 — спавним обе команды.
21:30:07.353 [Warning] [MatchManager] Команда 0: лидерство волны (6) не влезает в кап карты — волна пропущена.
21:30:07.354 [Log] [MatchManager] Команда 1: ChangeAmount — игрок=1, ресурс=Gold, сумма=15, multiplier=1, decrease=true, calledByServer=true.
21:30:07.378 [Log] [MatchManager] Спавн волны команды 1 (player=1): цель=DefPointA2, точка спавна=(68.63, 0.00, 122.00).
21:30:07.381 [Log] [MatchManager] Волна команды 1: заспавнено 3 юнитов.
21:30:08.598 [Log] [MatchManager] Юнит погиб: Footman(Clone) (команда 1, player=1).
21:30:09.862 [Log] [MatchManager] Юнит погиб: Footman(Clone) (команда 0, player=0).
21:30:11.724 [Log] [MatchManager] ЗАЩИТА: команда 0 (player=0), юнитов=9, точка=DefPointA2.
21:30:13.146 [Log] [MatchManager] АТАКА: команда 0 (player=0), юнитов=9, цель=CentralPoint, режим=сервер(FormationMarch).
21:30:14.162 [Log] [MatchManager] Юнит погиб: Footman(Clone) (команда 1, player=1).
21:30:14.247 [Log] [MatchManager] Юнит погиб: Rifleman(Clone) (команда 1, player=1).
21:30:16.871 [Log] [MatchManager] Юнит погиб: Footman(Clone) (команда 1, player=1).
21:30:17.367 [Log] [MatchManager] Волна #10 — спавним обе команды.
21:30:17.374 [Log] [MatchManager] Команда 0: ChangeAmount — игрок=0, ресурс=Gold, сумма=15, multiplier=1, decrease=true, calledByServer=true.
21:30:17.375 [Log] [MatchManager] Спавн волны команды 0 (player=0): цель=CentralPoint, точка спавна=(67.42, 0.00, 7.85).
21:30:17.378 [Log] [MatchManager] Волна команды 0: заспавнено 3 юнитов.
21:30:17.378 [Log] [MatchManager] АТАКА: команда 0 (player=0), юнитов=12, цель=CentralPoint, режим=сервер(FormationMarch).
21:30:17.379 [Log] [MatchManager] Команда 1: ChangeAmount — игрок=1, ресурс=Gold, сумма=15, multiplier=1, decrease=true, calledByServer=true.
21:30:17.379 [Log] [MatchManager] Спавн волны команды 1 (player=1): цель=DefPointA2, точка спавна=(68.63, 0.00, 122.00).
21:30:17.382 [Log] [MatchManager] Волна команды 1: заспавнено 3 юнитов.
21:30:18.799 [Log] [MatchManager] Юнит погиб: Footman(Clone) (команда 1, player=1).
21:30:20.677 [Log] [MatchManager] УНИЧТОЖЕНА БАШНЯ: ArrowTower(Clone) (owner=1, убийца player=0, юнит=Rifleman(Clone)).
21:30:20.677 [Log] [MatchManager] Точка CentralPoint захвачена: команда 1 → 0.
21:30:20.678 [Log] [MatchManager] ЗАХВАТ CentralPoint (ID=17232): towerAlive=False, currentTeam=0. NextAttackTarget(team=0) = (68.57, 83.05)
21:30:20.678 [Log] [MatchManager] Lane-точки для team=0: [0]CastlePointA(ID=17230) team=0 towerAlive=True type=Castle ownedByAttacker=True, [1]DefPointA1(ID=17236) team=0 towerAlive=True type=Defence1 ownedByAttacker=True, [2]DefPointA2(ID=17238) team=0 towerAlive=True type=Defence2 ownedByAttacker=True, [3]CentralPoint(ID=17232) team=0 towerAlive=False type=Centre ownedByAttacker=True, [4]DefPointB2(ID=17220) team=1 towerAlive=True type=Defence2 ownedByAttacker=False, [5]DefPointB1(ID=17210) team=1 towerAlive=True type=Defence1 ownedByAttacker=False, [6]CastlePointB(ID=17224) team=1 towerAlive=True type=Castle ownedByAttacker=False
21:30:20.678 [Log] [MatchManager] RefreshTargetPoints: точка атаки команды 0 → DefPointB2.
21:30:20.678 [Log] [MatchManager] RefreshTargetPoints: точка защиты команды 0 → CentralPoint.
21:30:20.679 [Log] [MatchManager] RefreshTargetPoints: точка атаки команды 1 → CentralPoint.
21:30:20.679 [Log] [MatchManager] RefreshTargetPoints: точка защиты команды 1 → DefPointB2.
21:30:20.679 [Log] [MatchManager] Следующие цели команды 0: атака=DefPointB2, защита=CentralPoint.
21:30:20.679 [Log] [MatchManager] Следующие цели команды 1: атака=CentralPoint, защита=DefPointB2.
21:30:20.679 [Log] [MatchManager] АТАКА: команда 0 (player=0), юнитов=12, цель=DefPointB2, режим=сервер(FormationMarch).
21:30:20.680 [Log] [MatchManager] ЗАЩИТА: команда 1 (player=1), юнитов=5, точка=DefPointB2.
21:30:20.682 [Log] [MatchManager] Запускаем отстройку башни для точки CentralPoint (player=0, задержка=1 сек).
21:30:21.720 [Log] [MatchManager] Башня отстроена: ArrowTower(Clone) для точки CentralPoint (player=0, netID=4251).
21:30:21.721 [Log] [MatchManager] Подписка на смерть башни ArrowTower(Clone).
21:30:22.782 [Log] [MatchManager] ЗАЩИТА: команда 0 (player=0), юнитов=12, точка=CentralPoint.
21:30:27.287 [Log] [HeavensBlessingActive] Use вызван: кастер=CastleOwn, игрок=0, уровень=0.
21:30:27.290 [Log] [HeavensBlessingActive] Благословение наложено на юнитов команды: 12 [Rifleman(Clone)(owner=0), Rifleman(Clone)(owner=0), Rifleman(Clone)(owner=0), Rifleman(Clone)(owner=0), Rifleman(Clone)(owner=0), Rifleman(Clone)(owner=0), Rifleman(Clone)(owner=0), Rifleman(Clone)(owner=0), Footman(Clone)(owner=0), Rifleman(Clone)(owner=0), Rifleman(Clone)(owner=0), Footman(Clone)(owner=0)] (instant=25% maxHP, perSec=2%/с, длит=0с).
21:30:27.396 [Log] [MatchManager] Волна #11 — спавним обе команды.
21:30:27.403 [Warning] [MatchManager] Команда 0: лидерство волны (6) не влезает в кап карты — волна пропущена.
21:30:27.404 [Log] [MatchManager] Команда 1: ChangeAmount — игрок=1, ресурс=Gold, сумма=15, multiplier=1, decrease=true, calledByServer=true.
21:30:27.404 [Log] [MatchManager] Спавн волны команды 1 (player=1): цель=CentralPoint, точка спавна=(68.63, 0.00, 122.00).
21:30:27.408 [Log] [MatchManager] Волна команды 1: заспавнено 3 юнитов.
21:30:31.712 [Log] [MatchManager] АТАКА: команда 0 (player=0), юнитов=12, цель=DefPointB2, режим=сервер(FormationMarch).
21:30:32.264 [Log] [MatchManager] ЗАЩИТА: команда 0 (player=0), юнитов=12, точка=CentralPoint.
21:30:37.414 [Log] [MatchManager] Волна #12 — спавним обе команды.
21:30:37.414 [Warning] [MatchManager] Команда 0: лидерство волны (6) не влезает в кап карты — волна пропущена.
21:30:37.415 [Log] [MatchManager] Команда 1: ChangeAmount — игрок=1, ресурс=Gold, сумма=15, multiplier=1, decrease=true, calledByServer=true.
21:30:37.415 [Log] [MatchManager] Спавн волны команды 1 (player=1): цель=CentralPoint, точка спавна=(68.63, 0.00, 122.00).
21:30:37.419 [Log] [MatchManager] Волна команды 1: заспавнено 3 юнитов.
21:30:38.620 [Log] [MatchManager] Юнит погиб: Footman(Clone) (команда 0, player=0).
21:30:39.702 [Log] [MatchManager] Юнит погиб: Rifleman(Clone) (команда 1, player=1).
21:30:41.715 [Log] [MatchManager] Юнит погиб: Rifleman(Clone) (команда 1, player=1).
21:30:41.960 [Log] [MatchManager] ЗАЩИТА: команда 0 (player=0), юнитов=11, точка=CentralPoint.
21:30:47.431 [Log] [MatchManager] Волна #13 — спавним обе команды.
21:30:47.432 [Warning] [MatchManager] Команда 0: лидерство волны (6) не влезает в кап карты — волна пропущена.
21:30:47.437 [Log] [MatchManager] Команда 1: ChangeAmount — игрок=1, ресурс=Gold, сумма=15, multiplier=1, decrease=true, calledByServer=true.
21:30:47.442 [Log] [MatchManager] Спавн волны команды 1 (player=1): цель=CentralPoint, точка спавна=(68.63, 0.00, 122.00).
21:30:47.446 [Log] [MatchManager] Волна команды 1: заспавнено 3 юнитов.
21:30:51.399 [Log] [MatchManager] АТАКА: команда 1 (player=1), юнитов=12, цель=CentralPoint, режим=сервер(FormationMarch).
21:30:52.421 [Log] [MatchManager] ЗАЩИТА: команда 1 (player=1), юнитов=12, точка=DefPointB2.
21:30:57.431 [Log] [MatchManager] Волна #14 — спавним обе команды.
21:30:57.434 [Warning] [MatchManager] Команда 0: лидерство волны (6) не влезает в кап карты — волна пропущена.
21:30:57.434 [Warning] [MatchManager] Команда 1: лидерство волны (6) не влезает в кап карты — волна пропущена.
21:31:07.477 [Log] [MatchManager] Волна #15 — спавним обе команды.
21:31:07.494 [Warning] [MatchManager] Команда 0: лидерство волны (6) не влезает в кап карты — волна пропущена.
21:31:07.510 [Warning] [MatchManager] Команда 1: лидерство волны (6) не влезает в кап карты — волна пропущена.
21:31:09.146 [Log] [HeavensBlessingActive] Use вызван: кастер=CastleEnemy, игрок=1, уровень=0.
21:31:09.148 [Log] [HeavensBlessingActive] Благословение наложено на юнитов команды: 12 [Footman(Clone)(owner=1), Footman(Clone)(owner=1), Footman(Clone)(owner=1), Footman(Clone)(owner=1), Footman(Clone)(owner=1), Rifleman(Clone)(owner=1), Footman(Clone)(owner=1), Footman(Clone)(owner=1), Rifleman(Clone)(owner=1), Footman(Clone)(owner=1), Footman(Clone)(owner=1), Rifleman(Clone)(owner=1)] (instant=25% maxHP, perSec=2%/с, длит=0с).
21:31:17.513 [Log] [MatchManager] Волна #16 — спавним обе команды.
21:31:17.546 [Warning] [MatchManager] Команда 1: лидерство волны (6) не влезает в кап карты — волна пропущена.
21:31:19.702 [Log] [MatchManager] АТАКА: команда 1 (player=1), юнитов=12, цель=CentralPoint, режим=сервер(FormationMarch).
21:31:21.658 [Log] [MatchManager] Юнит погиб: Footman(Clone) (команда 1, player=1).
21:31:25.977 [Log] [MatchManager] Юнит погиб: Rifleman(Clone) (команда 1, player=1).
21:31:27.300 [Log] [MatchManager] Юнит погиб: Rifleman(Clone) (команда 0, player=0).
21:31:27.518 [Log] [MatchManager] Волна #17 — спавним обе команды.
21:31:27.524 [Warning] [MatchManager] Команда 0: лидерство волны (6) не влезает в кап карты — волна пропущена.
21:31:27.527 [Warning] [MatchManager] Команда 1: лидерство волны (6) не влезает в кап карты — волна пропущена.
21:31:33.540 [Log] [MatchManager] Юнит погиб: Rifleman(Clone) (команда 1, player=1).
21:31:33.638 [Log] [MatchManager] Юнит погиб: Rifleman(Clone) (команда 1, player=1).
21:31:33.814 [Log] [MatchManager] Юнит погиб: Footman(Clone) (команда 1, player=1).
21:31:35.777 [Log] [MatchManager] Юнит погиб: Footman(Clone) (команда 1, player=1).
21:31:36.835 [Log] [FlameCloakActive] Use вызван: кастер=CastleOwn, игрок=0, уровень=0.
21:31:36.845 [Log] [FlameCloakActive] Плащ наложен на юнитов команды: 10 [Rifleman(Clone)(owner=0), Rifleman(Clone)(owner=0), Rifleman(Clone)(owner=0), Rifleman(Clone)(owner=0), Rifleman(Clone)(owner=0), Rifleman(Clone)(owner=0), Rifleman(Clone)(owner=0), Rifleman(Clone)(owner=0), Rifleman(Clone)(owner=0), Footman(Clone)(owner=0)] (dps=20, радиус+=0,5, длит=7с).
21:31:37.520 [Log] [MatchManager] Волна #18 — спавним обе команды.
21:31:37.523 [Warning] [MatchManager] Команда 0: лидерство волны (6) не влезает в кап карты — волна пропущена.
21:31:37.523 [Log] [MatchManager] Команда 1: ChangeAmount — игрок=1, ресурс=Gold, сумма=15, multiplier=1, decrease=true, calledByServer=true.
21:31:37.524 [Log] [MatchManager] Спавн волны команды 1 (player=1): цель=CentralPoint, точка спавна=(68.63, 0.00, 122.00).
21:31:37.530 [Log] [MatchManager] Волна команды 1: заспавнено 3 юнитов.
21:31:37.530 [Log] [MatchManager] АТАКА: команда 1 (player=1), юнитов=9, цель=CentralPoint, режим=сервер(FormationMarch).
21:31:39.189 [Log] [FlameCloakActive] Use вызван: кастер=CastleEnemy, игрок=1, уровень=0.
21:31:39.192 [Log] [FlameCloakActive] Плащ наложен на юнитов команды: 9 [Footman(Clone)(owner=1), Footman(Clone)(owner=1), Footman(Clone)(owner=1), Footman(Clone)(owner=1), Footman(Clone)(owner=1), Footman(Clone)(owner=1), Footman(Clone)(owner=1), Footman(Clone)(owner=1), Rifleman(Clone)(owner=1)] (dps=20, радиус+=0,5, длит=7с).
21:31:39.611 [Log] [MatchManager] Юнит погиб: Footman(Clone) (команда 1, player=1).
21:31:39.778 [Log] [MatchManager] Юнит погиб: Footman(Clone) (команда 1, player=1).
21:31:39.992 [Log] [HeavensBlessingActive] Use вызван: кастер=CastleEnemy, игрок=1, уровень=0.
21:31:39.999 [Log] [HeavensBlessingActive] Благословение наложено на юнитов команды: 7 [Footman(Clone)(owner=1), Footman(Clone)(owner=1), Footman(Clone)(owner=1), Footman(Clone)(owner=1), Footman(Clone)(owner=1), Footman(Clone)(owner=1), Rifleman(Clone)(owner=1)] (instant=25% maxHP, perSec=2%/с, длит=0с).
21:31:41.271 [Log] [MatchManager] Юнит погиб: Rifleman(Clone) (команда 0, player=0).
21:31:43.665 [Log] [MatchManager] Юнит погиб: Footman(Clone) (команда 1, player=1).
21:31:43.812 [Log] [MatchManager] Юнит погиб: Footman(Clone) (команда 1, player=1).
21:31:44.842 [Log] [MatchManager] Юнит погиб: Footman(Clone) (команда 1, player=1).
21:31:45.706 [Log] [MatchManager] Юнит погиб: Footman(Clone) (команда 1, player=1).
21:31:47.545 [Log] [MatchManager] Волна #19 — спавним обе команды.
21:31:47.545 [Log] [MatchManager] Команда 0: ChangeAmount — игрок=0, ресурс=Gold, сумма=15, multiplier=1, decrease=true, calledByServer=true.
21:31:47.554 [Log] [MatchManager] Спавн волны команды 0 (player=0): цель=DefPointB2, точка спавна=(67.42, 0.00, 7.85).
21:31:47.566 [Log] [MatchManager] Волна команды 0: заспавнено 3 юнитов.
21:31:47.568 [Log] [MatchManager] Команда 1: ChangeAmount — игрок=1, ресурс=Gold, сумма=15, multiplier=1, decrease=true, calledByServer=true.
21:31:47.568 [Log] [MatchManager] Спавн волны команды 1 (player=1): цель=CentralPoint, точка спавна=(68.63, 0.00, 122.00).
21:31:47.572 [Log] [MatchManager] Волна команды 1: заспавнено 3 юнитов.
21:31:47.576 [Log] [MatchManager] АТАКА: команда 1 (player=1), юнитов=6, цель=CentralPoint, режим=сервер(FormationMarch).
21:31:48.984 [Log] [MatchManager] Юнит погиб: Footman(Clone) (команда 1, player=1).
21:31:52.402 [Log] [MatchManager] Юнит погиб: Rifleman(Clone) (команда 1, player=1).
21:31:54.404 [Log] [MatchManager] Юнит погиб: Footman(Clone) (команда 1, player=1).
21:31:56.496 [Log] [MatchManager] Юнит погиб: Footman(Clone) (команда 1, player=1).
21:31:57.576 [Log] [MatchManager] Волна #20 — спавним обе команды.
21:31:57.576 [Warning] [MatchManager] Команда 0: лидерство волны (6) не влезает в кап карты — волна пропущена.
21:31:57.576 [Log] [MatchManager] Команда 1: ChangeAmount — игрок=1, ресурс=Gold, сумма=15, multiplier=1, decrease=true, calledByServer=true.
21:31:57.576 [Log] [MatchManager] Спавн волны команды 1 (player=1): цель=CentralPoint, точка спавна=(68.63, 0.00, 122.00).
21:31:57.580 [Log] [MatchManager] Волна команды 1: заспавнено 3 юнитов.
21:31:57.580 [Log] [MatchManager] АТАКА: команда 1 (player=1), юнитов=5, цель=CentralPoint, режим=сервер(FormationMarch).
21:31:58.492 [Log] [MatchManager] Юнит погиб: Footman(Clone) (команда 1, player=1).
21:32:03.804 [Log] [MatchManager] Юнит погиб: Rifleman(Clone) (команда 1, player=1).
21:32:07.578 [Log] [MatchManager] Волна #21 — спавним обе команды.
21:32:07.578 [Warning] [MatchManager] Команда 0: лидерство волны (6) не влезает в кап карты — волна пропущена.
21:32:07.578 [Log] [MatchManager] Команда 1: ChangeAmount — игрок=1, ресурс=Gold, сумма=15, multiplier=1, decrease=true, calledByServer=true.
21:32:07.578 [Log] [MatchManager] Спавн волны команды 1 (player=1): цель=CentralPoint, точка спавна=(68.63, 0.00, 122.00).
21:32:07.581 [Log] [MatchManager] Волна команды 1: заспавнено 3 юнитов.
21:32:07.581 [Log] [MatchManager] АТАКА: команда 1 (player=1), юнитов=6, цель=CentralPoint, режим=сервер(FormationMarch).
21:32:10.425 [Log] [MatchManager] Юнит погиб: Footman(Clone) (команда 1, player=1).
21:32:10.626 [Log] [MatchManager] Юнит погиб: Rifleman(Clone) (команда 1, player=1).
21:32:11.970 [Log] [MatchManager] Юнит погиб: Footman(Clone) (команда 1, player=1).
21:32:17.582 [Log] [MatchManager] Волна #22 — спавним обе команды.
21:32:17.582 [Warning] [MatchManager] Команда 0: лидерство волны (6) не влезает в кап карты — волна пропущена.
21:32:17.582 [Log] [MatchManager] Команда 1: ChangeAmount — игрок=1, ресурс=Gold, сумма=15, multiplier=1, decrease=true, calledByServer=true.
21:32:17.582 [Log] [MatchManager] Спавн волны команды 1 (player=1): цель=CentralPoint, точка спавна=(68.63, 0.00, 122.00).
21:32:17.584 [Log] [MatchManager] Волна команды 1: заспавнено 3 юнитов.
21:32:17.584 [Log] [MatchManager] АТАКА: команда 1 (player=1), юнитов=6, цель=CentralPoint, режим=сервер(FormationMarch).
21:32:19.988 [Log] [MatchManager] Юнит погиб: Footman(Clone) (команда 1, player=1).
21:32:20.488 [Log] [MatchManager] Юнит погиб: Rifleman(Clone) (команда 1, player=1).
21:32:21.691 [Log] [MatchManager] Юнит погиб: Footman(Clone) (команда 1, player=1).
21:32:27.598 [Log] [MatchManager] Волна #23 — спавним обе команды.
21:32:27.598 [Warning] [MatchManager] Команда 0: лидерство волны (6) не влезает в кап карты — волна пропущена.
21:32:27.598 [Log] [MatchManager] Команда 1: ChangeAmount — игрок=1, ресурс=Gold, сумма=15, multiplier=1, decrease=true, calledByServer=true.
21:32:27.598 [Log] [MatchManager] Спавн волны команды 1 (player=1): цель=CentralPoint, точка спавна=(68.63, 0.00, 122.00).
21:32:27.601 [Log] [MatchManager] Волна команды 1: заспавнено 3 юнитов.
21:32:27.601 [Log] [MatchManager] АТАКА: команда 1 (player=1), юнитов=6, цель=CentralPoint, режим=сервер(FormationMarch).
21:32:28.266 [Log] [MatchManager] Юнит погиб: Footman(Clone) (команда 1, player=1).
21:32:30.208 [Log] [MatchManager] Юнит погиб: Footman(Clone) (команда 1, player=1).
21:32:34.406 [Log] [MatchManager] Юнит погиб: Rifleman(Clone) (команда 1, player=1).
21:32:37.605 [Log] [MatchManager] Юнит погиб: Rifleman(Clone) (команда 0, player=0).
21:32:37.607 [Log] [MatchManager] Волна #24 — спавним обе команды.
21:32:37.608 [Warning] [MatchManager] Команда 0: лидерство волны (6) не влезает в кап карты — волна пропущена.
21:32:37.608 [Log] [MatchManager] Команда 1: ChangeAmount — игрок=1, ресурс=Gold, сумма=15, multiplier=1, decrease=true, calledByServer=true.
21:32:37.608 [Log] [MatchManager] Спавн волны команды 1 (player=1): цель=CentralPoint, точка спавна=(68.63, 0.00, 122.00).
21:32:37.609 [Log] [MatchManager] Волна команды 1: заспавнено 3 юнитов.
21:32:37.609 [Log] [MatchManager] АТАКА: команда 1 (player=1), юнитов=6, цель=CentralPoint, режим=сервер(FormationMarch).
21:32:42.275 [Log] [MatchManager] Юнит погиб: Rifleman(Clone) (команда 1, player=1).
21:32:42.708 [Log] [MatchManager] Юнит погиб: Footman(Clone) (команда 1, player=1).
21:32:42.708 [Log] [MatchManager] Юнит погиб: Footman(Clone) (команда 1, player=1).
21:32:47.615 [Log] [MatchManager] Волна #25 — спавним обе команды.
21:32:47.615 [Warning] [MatchManager] Команда 0: лидерство волны (6) не влезает в кап карты — волна пропущена.
21:32:47.615 [Log] [MatchManager] Команда 1: ChangeAmount — игрок=1, ресурс=Gold, сумма=15, multiplier=1, decrease=true, calledByServer=true.
21:32:47.615 [Log] [MatchManager] Спавн волны команды 1 (player=1): цель=CentralPoint, точка спавна=(68.63, 0.00, 122.00).
21:32:47.618 [Log] [MatchManager] Волна команды 1: заспавнено 3 юнитов.
21:32:47.618 [Log] [MatchManager] АТАКА: команда 1 (player=1), юнитов=6, цель=CentralPoint, режим=сервер(FormationMarch).
21:32:50.924 [Log] [MatchManager] Юнит погиб: Rifleman(Clone) (команда 1, player=1).
21:32:51.558 [Log] [MatchManager] Юнит погиб: Footman(Clone) (команда 1, player=1).
21:32:53.104 [Log] [MatchManager] Юнит погиб: Footman(Clone) (команда 1, player=1).
21:32:57.256 [Exception] NullReferenceException: Object reference not set to an instance of an object.
UnityEngine.Bindings.ThrowHelper.ThrowNullReferenceException (System.Object obj) (at <35e503df996e446286377b9defa4cb4d>:0)
UnityEngine.AI.NavMeshAgent.set_stoppingDistance (System.Single value) (at <d900c733baff4cfd8cd3ba0971557911>:0)
StrategyCore.Unit.SetDestination (UnityEngine.Vector2 dest, System.Boolean overrideCommand, System.Single stopDist) (at <37904b6a1a4c48489d2a2a051f89700f>:0)
StrategyCore.Unit.TargetReferenceChange (StrategyCore.Unit newTarget) (at <37904b6a1a4c48489d2a2a051f89700f>:0)
StrategyCore.Unit.Die (System.Int32 playerThatKills, StrategyCore.Unit unitThatKills, System.Boolean rewards, System.Boolean calledByServer, System.Boolean destroy) (at <37904b6a1a4c48489d2a2a051f89700f>:0)
StrategyCore.Unit.GetDamage (System.Single amount, StrategyCore.DamageType damageType, System.Int32 attackingPlayer, StrategyCore.Unit attackingUnit, System.Boolean directAttack, System.Single& damageDealt) (at <37904b6a1a4c48489d2a2a051f89700f>:0)
StrategyCore.Unit.DealDamage (StrategyCore.Unit targetUnit, System.Single amount, StrategyCore.DamageType damageType, System.Boolean directAttack, UnityEngine.Vector3 attackPosition) (at <37904b6a1a4c48489d2a2a051f89700f>:0)
StrategyCore.Projectile.Damage (StrategyCore.Unit targetUnit, System.Single amount, StrategyCore.DamageType damageType) (at <37904b6a1a4c48489d2a2a051f89700f>:0)
StrategyCore.Projectile.Update () (at <37904b6a1a4c48489d2a2a051f89700f>:0)
21:32:57.618 [Log] [MatchManager] Волна #26 — спавним обе команды.
21:32:57.618 [Warning] [MatchManager] Команда 0: лидерство волны (6) не влезает в кап карты — волна пропущена.
21:32:57.618 [Log] [MatchManager] Команда 1: ChangeAmount — игрок=1, ресурс=Gold, сумма=15, multiplier=1, decrease=true, calledByServer=true.
21:32:57.618 [Log] [MatchManager] Спавн волны команды 1 (player=1): цель=CentralPoint, точка спавна=(68.63, 0.00, 122.00).
21:32:57.620 [Log] [MatchManager] Волна команды 1: заспавнено 3 юнитов.
21:32:57.621 [Log] [MatchManager] АТАКА: команда 1 (player=1), юнитов=6, цель=CentralPoint, режим=сервер(FormationMarch).
21:32:59.756 [Log] [MatchManager] Юнит погиб: Footman(Clone) (команда 1, player=1).
21:33:02.163 [Log] [MatchManager] Юнит погиб: Rifleman(Clone) (команда 1, player=1).
21:33:03.331 [Log] [MatchManager] Юнит погиб: Footman(Clone) (команда 1, player=1).
21:33:07.638 [Log] [MatchManager] Волна #27 — спавним обе команды.
21:33:07.638 [Warning] [MatchManager] Команда 0: лидерство волны (6) не влезает в кап карты — волна пропущена.
21:33:07.638 [Log] [MatchManager] Команда 1: ChangeAmount — игрок=1, ресурс=Gold, сумма=15, multiplier=1, decrease=true, calledByServer=true.
21:33:07.638 [Log] [MatchManager] Спавн волны команды 1 (player=1): цель=CentralPoint, точка спавна=(68.63, 0.00, 122.00).
21:33:07.638 [Log] [MatchManager] Волна команды 1: заспавнено 3 юнитов.
21:33:07.638 [Log] [MatchManager] АТАКА: команда 1 (player=1), юнитов=6, цель=CentralPoint, режим=сервер(FormationMarch).
21:33:09.910 [Log] [MatchManager] Юнит погиб: Rifleman(Clone) (команда 1, player=1).
21:33:11.279 [Log] [MatchManager] Юнит погиб: Footman(Clone) (команда 1, player=1).
21:33:12.380 [Log] [MatchManager] Юнит погиб: Footman(Clone) (команда 1, player=1).
21:33:17.661 [Log] [MatchManager] Волна #28 — спавним обе команды.
21:33:17.661 [Warning] [MatchManager] Команда 0: лидерство волны (6) не влезает в кап карты — волна пропущена.
21:33:17.661 [Log] [MatchManager] Команда 1: ChangeAmount — игрок=1, ресурс=Gold, сумма=15, multiplier=1, decrease=true, calledByServer=true.
21:33:17.661 [Log] [MatchManager] Спавн волны команды 1 (player=1): цель=CentralPoint, точка спавна=(68.63, 0.00, 122.00).
21:33:17.662 [Log] [MatchManager] Волна команды 1: заспавнено 3 юнитов.
21:33:17.662 [Log] [MatchManager] АТАКА: команда 1 (player=1), юнитов=6, цель=CentralPoint, режим=сервер(FormationMarch).
21:33:19.798 [Log] [MatchManager] Юнит погиб: Footman(Clone) (команда 1, player=1).
21:33:21.731 [Log] [MatchManager] Юнит погиб: Rifleman(Clone) (команда 1, player=1).
21:33:21.998 [Log] [MatchManager] Юнит погиб: Footman(Clone) (команда 1, player=1).
21:33:27.673 [Log] [MatchManager] Волна #29 — спавним обе команды.
21:33:27.673 [Warning] [MatchManager] Команда 0: лидерство волны (6) не влезает в кап карты — волна пропущена.
21:33:27.673 [Log] [MatchManager] Команда 1: ChangeAmount — игрок=1, ресурс=Gold, сумма=15, multiplier=1, decrease=true, calledByServer=true.
21:33:27.673 [Log] [MatchManager] Спавн волны команды 1 (player=1): цель=CentralPoint, точка спавна=(68.63, 0.00, 122.00).
21:33:27.673 [Log] [MatchManager] Волна команды 1: заспавнено 3 юнитов.
21:33:27.675 [Log] [MatchManager] АТАКА: команда 1 (player=1), юнитов=6, цель=CentralPoint, режим=сервер(FormationMarch).
21:33:28.307 [Log] [MatchManager] Юнит погиб: Footman(Clone) (команда 1, player=1).
21:33:31.158 [Log] [MatchManager] Юнит погиб: Footman(Clone) (команда 1, player=1).
21:33:32.586 [Log] [MatchManager] Юнит погиб: Rifleman(Clone) (команда 1, player=1).
21:33:36.675 [Exception] NullReferenceException: Object reference not set to an instance of an object.
UnityEngine.Bindings.ThrowHelper.ThrowNullReferenceException (System.Object obj) (at <35e503df996e446286377b9defa4cb4d>:0)
UnityEngine.AI.NavMeshAgent.SetDestination (UnityEngine.Vector3 target) (at <d900c733baff4cfd8cd3ba0971557911>:0)
StrategyCore.Unit.SetDestination (UnityEngine.Vector2 dest, System.Boolean overrideCommand, System.Single stopDist) (at <37904b6a1a4c48489d2a2a051f89700f>:0)
StrategyCore.Unit.TargetReferenceChange (StrategyCore.Unit newTarget) (at <37904b6a1a4c48489d2a2a051f89700f>:0)
StrategyCore.Unit.Die (System.Int32 playerThatKills, StrategyCore.Unit unitThatKills, System.Boolean rewards, System.Boolean calledByServer, System.Boolean destroy) (at <37904b6a1a4c48489d2a2a051f89700f>:0)
StrategyCore.Unit.GetDamage (System.Single amount, StrategyCore.DamageType damageType, System.Int32 attackingPlayer, StrategyCore.Unit attackingUnit, System.Boolean directAttack, System.Single& damageDealt) (at <37904b6a1a4c48489d2a2a051f89700f>:0)
StrategyCore.Unit.DealDamage (StrategyCore.Unit targetUnit, System.Single amount, StrategyCore.DamageType damageType, System.Boolean directAttack, UnityEngine.Vector3 attackPosition) (at <37904b6a1a4c48489d2a2a051f89700f>:0)
StrategyCore.Projectile.Damage (StrategyCore.Unit targetUnit, System.Single amount, StrategyCore.DamageType damageType) (at <37904b6a1a4c48489d2a2a051f89700f>:0)
StrategyCore.Projectile.Update () (at <37904b6a1a4c48489d2a2a051f89700f>:0)
21:33:37.705 [Log] [MatchManager] Волна #30 — спавним обе команды.
21:33:37.705 [Warning] [MatchManager] Команда 0: лидерство волны (6) не влезает в кап карты — волна пропущена.
21:33:37.705 [Log] [MatchManager] Команда 1: ChangeAmount — игрок=1, ресурс=Gold, сумма=15, multiplier=1, decrease=true, calledByServer=true.
21:33:37.706 [Log] [MatchManager] Спавн волны команды 1 (player=1): цель=CentralPoint, точка спавна=(68.63, 0.00, 122.00).
21:33:37.707 [Log] [MatchManager] Волна команды 1: заспавнено 3 юнитов.
21:33:37.707 [Log] [MatchManager] АТАКА: команда 1 (player=1), юнитов=6, цель=CentralPoint, режим=сервер(FormationMarch).
21:33:39.839 [Log] [MatchManager] Юнит погиб: Footman(Clone) (команда 1, player=1).
21:33:41.717 [Log] [MatchManager] Юнит погиб: Rifleman(Clone) (команда 1, player=1).
21:33:43.396 [Log] [MatchManager] Юнит погиб: Footman(Clone) (команда 1, player=1).
21:33:46.243 [Log] [MatchManager] Юнит погиб: Footman(Clone) (команда 1, player=1).
21:33:47.712 [Log] [MatchManager] Волна #31 — спавним обе команды.
21:33:47.712 [Warning] [MatchManager] Команда 0: лидерство волны (6) не влезает в кап карты — волна пропущена.
21:33:47.712 [Log] [MatchManager] Команда 1: ChangeAmount — игрок=1, ресурс=Gold, сумма=15, multiplier=1, decrease=true, calledByServer=true.
21:33:47.712 [Log] [MatchManager] Спавн волны команды 1 (player=1): цель=CentralPoint, точка спавна=(68.63, 0.00, 122.00).
21:33:47.715 [Log] [MatchManager] Волна команды 1: заспавнено 3 юнитов.
21:33:47.715 [Log] [MatchManager] АТАКА: команда 1 (player=1), юнитов=5, цель=CentralPoint, режим=сервер(FormationMarch).
21:33:48.496 [Log] [MatchManager] Юнит погиб: Footman(Clone) (команда 1, player=1).
21:33:54.198 [Log] [MatchManager] Юнит погиб: Rifleman(Clone) (команда 1, player=1).
21:33:57.744 [Log] [MatchManager] Волна #32 — спавним обе команды.
21:33:57.744 [Warning] [MatchManager] Команда 0: лидерство волны (6) не влезает в кап карты — волна пропущена.
21:33:57.744 [Log] [MatchManager] Команда 1: ChangeAmount — игрок=1, ресурс=Gold, сумма=15, multiplier=1, decrease=true, calledByServer=true.
21:33:57.744 [Log] [MatchManager] Спавн волны команды 1 (player=1): цель=CentralPoint, точка спавна=(68.63, 0.00, 122.00).
21:33:57.754 [Log] [MatchManager] Волна команды 1: заспавнено 3 юнитов.
21:33:57.754 [Log] [MatchManager] АТАКА: команда 1 (player=1), юнитов=6, цель=CentralPoint, режим=сервер(FormationMarch).
21:33:58.371 [Log] [MatchManager] Юнит погиб: Footman(Clone) (команда 1, player=1).
21:33:59.005 [Log] [MatchManager] Юнит погиб: Footman(Clone) (команда 1, player=1).
21:34:04.530 [Log] [MatchManager] Юнит погиб: Rifleman(Clone) (команда 1, player=1).
21:34:06.533 [Log] [MatchManager] Юнит погиб: Footman(Clone) (команда 1, player=1).
21:34:07.771 [Log] [MatchManager] Волна #33 — спавним обе команды.
21:34:07.771 [Warning] [MatchManager] Команда 0: лидерство волны (6) не влезает в кап карты — волна пропущена.
21:34:07.771 [Log] [MatchManager] Команда 1: ChangeAmount — игрок=1, ресурс=Gold, сумма=15, multiplier=1, decrease=true, calledByServer=true.
21:34:07.771 [Log] [MatchManager] Спавн волны команды 1 (player=1): цель=CentralPoint, точка спавна=(68.63, 0.00, 122.00).
21:34:07.773 [Log] [MatchManager] Волна команды 1: заспавнено 3 юнитов.
21:34:07.773 [Log] [MatchManager] АТАКА: команда 1 (player=1), юнитов=5, цель=CentralPoint, режим=сервер(FormationMarch).
21:34:08.511 [Log] [MatchManager] Юнит погиб: Footman(Clone) (команда 1, player=1).
21:34:12.520 [Log] [MatchManager] Юнит погиб: Rifleman(Clone) (команда 0, player=0).
21:34:13.119 [Log] [MatchManager] Юнит погиб: Rifleman(Clone) (команда 1, player=1).
21:34:17.791 [Log] [MatchManager] Волна #34 — спавним обе команды.
21:34:17.791 [Warning] [MatchManager] Команда 0: лидерство волны (6) не влезает в кап карты — волна пропущена.
21:34:17.791 [Log] [MatchManager] Команда 1: ChangeAmount — игрок=1, ресурс=Gold, сумма=15, multiplier=1, decrease=true, calledByServer=true.
21:34:17.791 [Log] [MatchManager] Спавн волны команды 1 (player=1): цель=CentralPoint, точка спавна=(68.63, 0.00, 122.00).
21:34:17.792 [Log] [MatchManager] Волна команды 1: заспавнено 3 юнитов.
21:34:17.793 [Log] [MatchManager] АТАКА: команда 1 (player=1), юнитов=6, цель=CentralPoint, режим=сервер(FormationMarch).
21:34:18.357 [Log] [MatchManager] Юнит погиб: Footman(Clone) (команда 1, player=1).
21:34:20.198 [Log] [MatchManager] Юнит погиб: Footman(Clone) (команда 1, player=1).
21:34:24.465 [Log] [MatchManager] Юнит погиб: Rifleman(Clone) (команда 1, player=1).
21:34:27.789 [Log] [MatchManager] Волна #35 — спавним обе команды.
21:34:27.790 [Warning] [MatchManager] Команда 0: лидерство волны (6) не влезает в кап карты — волна пропущена.
21:34:27.791 [Log] [MatchManager] Команда 1: ChangeAmount — игрок=1, ресурс=Gold, сумма=15, multiplier=1, decrease=true, calledByServer=true.
21:34:27.791 [Log] [MatchManager] Спавн волны команды 1 (player=1): цель=CentralPoint, точка спавна=(68.63, 0.00, 122.00).
21:34:27.794 [Log] [MatchManager] Волна команды 1: заспавнено 3 юнитов.
21:34:27.795 [Log] [MatchManager] АТАКА: команда 1 (player=1), юнитов=6, цель=CentralPoint, режим=сервер(FormationMarch).
21:34:28.525 [Log] [MatchManager] Юнит погиб: Footman(Clone) (команда 1, player=1).
21:34:30.527 [Log] [MatchManager] Юнит погиб: Footman(Clone) (команда 1, player=1).
21:34:37.800 [Log] [MatchManager] Волна #36 — спавним обе команды.
21:34:37.802 [Warning] [MatchManager] Команда 0: лидерство волны (6) не влезает в кап карты — волна пропущена.
21:34:37.802 [Log] [MatchManager] Команда 1: ChangeAmount — игрок=1, ресурс=Gold, сумма=15, multiplier=1, decrease=true, calledByServer=true.
21:34:37.802 [Log] [MatchManager] Спавн волны команды 1 (player=1): цель=CentralPoint, точка спавна=(68.63, 0.00, 122.00).
21:34:37.804 [Log] [MatchManager] Волна команды 1: заспавнено 3 юнитов.
21:34:37.804 [Log] [MatchManager] АТАКА: команда 1 (player=1), юнитов=7, цель=CentralPoint, режим=сервер(FormationMarch).
21:34:39.102 [Log] [MatchManager] Юнит погиб: Footman(Clone) (команда 1, player=1).
21:34:40.371 [Log] [MatchManager] Юнит погиб: Rifleman(Clone) (команда 1, player=1).
=== end 2026-06-26 21:34:40 ===
