=== Interflow server log === start 2026-06-26 21:27:23 ===
unityVersion=6000.4.7f1 platform=WindowsServer headless=True args=D:\Interflow\Interflow\Server\Interflow.exe -batchmode -nographics -logFile -
21:27:23.774 [Log] [ServerBootstrap] Start: headless=True, gfx=Null, batchmode=True, автозапуск=True, injectMenuButton=True.
21:27:24.116 [Log] [ServerBootstrap] Сервер запущен (StartServer). Ожидание игроков: 2.
21:27:35.616 [Log] Approved: joined Player0, 1 at slot 0
21:27:42.298 [Log] Approved: joined Player1, 2 at slot 1
21:27:42.432 [Log] [ServerBootstrap] Набралось игроков (2) — старт матча.
21:27:42.462 [Exception] NullReferenceException: Object reference not set to an instance of an object
StrategyCore.NetworkConnectionHandler.ClientConnected (System.UInt64 clientId) (at <37904b6a1a4c48489d2a2a051f89700f>:0)
Unity.Netcode.NetworkConnectionManager.InvokeOnClientConnectedCallback (System.UInt64 clientId) (at <bfac77e1edfe4dcdbfa640d231cf6680>:0)
UnityEngine.Debug:LogException(Exception)
Unity.Netcode.NetworkConnectionManager:InvokeOnClientConnectedCallback(UInt64)
Unity.Netcode.NetworkSceneManager:HandleSessionOwnerEvent(UInt32, UInt64)
Unity.Netcode.NetworkSceneManager:HandleSceneEvent(UInt64, FastBufferReader)
Unity.Netcode.SceneEventMessage:Handle(NetworkContext&)
Unity.Netcode.NetworkMessageManager:ReceiveMessage(FastBufferReader, NetworkContext&, NetworkMessageManager)
Unity.Netcode.NetworkMessageManager:HandleMessage(NetworkMessageHeader&, FastBufferReader, UInt64, Single, Int32)
Unity.Netcode.NetworkMessageManager:ProcessIncomingMessageQueue()
Unity.Netcode.NetworkManager:NetworkUpdate(NetworkUpdateStage)
Unity.Netcode.NetworkUpdateLoop:RunNetworkUpdateStage(NetworkUpdateStage)
Unity.Netcode.<>c:<CreateLoopSystem>b__0_0()
21:27:42.600 [Warning] No mesh data available for mesh ArrowPlane on particle system Arrow. Make sure Read/Write Enabled is set in the importer to work on the particle system renderer
21:27:42.601 [Warning] No mesh data available for mesh ArrowPlane on particle system Arrow. Make sure Read/Write Enabled is set in the importer to work on the particle system renderer
21:27:42.602 [Warning] No mesh data available for mesh ArrowPlane on particle system Arrow. Make sure Read/Write Enabled is set in the importer to work on the particle system renderer
21:27:42.637 [Warning] No mesh data available for mesh ArrowPlane on particle system Arrow. Make sure Read/Write Enabled is set in the importer to work on the particle system renderer
21:27:42.638 [Warning] No mesh data available for mesh ArrowPlane on particle system Arrow. Make sure Read/Write Enabled is set in the importer to work on the particle system renderer
21:27:42.639 [Warning] No mesh data available for mesh ArrowPlane on particle system Arrow. Make sure Read/Write Enabled is set in the importer to work on the particle system renderer
21:27:42.847 [Warning] The referenced script (Unknown) on this Behaviour is missing!
21:27:42.850 [Warning] The referenced script on this Behaviour (Game Object '<null>') is missing!
21:27:42.850 [Error] A scripted object (script unknown or not yet loaded) has a different serialization layout when loading. (Read 40 bytes but expected 140 bytes)
Did you #if UNITY_EDITOR a section of your serialized properties in any of your scripts?
21:27:43.307 [Log] [MatchManager] Точка DefPointA2: towerPrefab не назначен — захват без отстройки (OK для Defence-точек).
21:27:43.307 [Log] [MatchManager] Точка DefPointA1: towerPrefab не назначен — захват без отстройки (OK для Defence-точек).
21:27:43.307 [Log] [MatchManager] Точка DefPointB2: towerPrefab не назначен — захват без отстройки (OK для Defence-точек).
21:27:43.307 [Log] [MatchManager] Точка DefPointB1: towerPrefab не назначен — захват без отстройки (OK для Defence-точек).
21:27:43.307 [Warning] [MatchManager] GameManager.specificUnitsDead не настроен — победа по уничтожению базы не сработает. Задайте NetID баз и winningTeam в Inspector у GameManager.
21:27:43.308 [Log] [MatchManager] Подписка на смерть башни CentralTower.
21:27:43.308 [Log] [MatchManager] Подписка на смерть башни CannonTowerOwn2.
21:27:43.308 [Log] [MatchManager] Подписка на смерть башни CannonTowerOwn1.
21:27:43.308 [Log] [MatchManager] Подписка на смерть башни CannonTowerEnemy2.
21:27:43.309 [Log] [MatchManager] Подписка на смерть башни CannonTowerEnemy1.
21:27:45.072 [Log] [MatchManager] Матч начался — запускаем волны.
21:27:45.123 [Log] [MatchManager] Ожидаем первую волну 5 сек.
21:27:46.300 [Log] [MatchManager] Точка защиты команды 1 изменилась → DefPointB2.
21:27:46.347 [Log] [MatchManager] ЗАЩИТА: команда 1 (player=1), юнитов=0, точка=DefPointB2.
21:27:47.368 [Log] [MatchManager] Точка защиты команды 0 изменилась → DefPointA2.
21:27:47.369 [Log] [MatchManager] ЗАЩИТА: команда 0 (player=0), юнитов=0, точка=DefPointA2.
21:27:50.022 [Log] [MatchManager] Волна #1 — спавним обе команды.
21:27:50.101 [Log] [MatchManager] Команда 0: ChangeAmount — игрок=0, ресурс=Gold, сумма=15, multiplier=1, decrease=true, calledByServer=true.
21:27:50.190 [Log] [MatchManager] Спавн волны команды 0 (player=0): цель=CentralPoint, точка спавна=(67.42, 0.00, 7.85).
21:27:50.333 [Log] [MatchManager] Волна команды 0: заспавнено 3 юнитов.
21:27:50.367 [Log] [MatchManager] Команда 1: ChangeAmount — игрок=1, ресурс=Gold, сумма=15, multiplier=1, decrease=true, calledByServer=true.
21:27:50.414 [Log] [MatchManager] Спавн волны команды 1 (player=1): цель=CentralPoint, точка спавна=(68.63, 0.00, 122.00).
21:27:50.469 [Log] [MatchManager] Волна команды 1: заспавнено 3 юнитов.
21:28:00.182 [Log] [MatchManager] Волна #2 — спавним обе команды.
21:28:00.193 [Log] [MatchManager] Команда 0: ChangeAmount — игрок=0, ресурс=Gold, сумма=15, multiplier=1, decrease=true, calledByServer=true.
21:28:00.197 [Log] [MatchManager] Спавн волны команды 0 (player=0): цель=CentralPoint, точка спавна=(67.42, 0.00, 7.85).
21:28:00.227 [Log] [MatchManager] Волна команды 0: заспавнено 3 юнитов.
21:28:00.245 [Log] [MatchManager] Команда 1: ChangeAmount — игрок=1, ресурс=Gold, сумма=15, multiplier=1, decrease=true, calledByServer=true.
21:28:00.267 [Log] [MatchManager] Спавн волны команды 1 (player=1): цель=CentralPoint, точка спавна=(68.63, 0.00, 122.00).
21:28:00.279 [Log] [MatchManager] Волна команды 1: заспавнено 3 юнитов.
21:28:10.184 [Log] [MatchManager] Волна #3 — спавним обе команды.
21:28:10.184 [Log] [MatchManager] Команда 0: ChangeAmount — игрок=0, ресурс=Gold, сумма=15, multiplier=1, decrease=true, calledByServer=true.
21:28:10.185 [Log] [MatchManager] Спавн волны команды 0 (player=0): цель=CentralPoint, точка спавна=(67.42, 0.00, 7.85).
21:28:10.187 [Log] [MatchManager] Волна команды 0: заспавнено 3 юнитов.
21:28:10.187 [Log] [MatchManager] Команда 1: ChangeAmount — игрок=1, ресурс=Gold, сумма=15, multiplier=1, decrease=true, calledByServer=true.
21:28:10.187 [Log] [MatchManager] Спавн волны команды 1 (player=1): цель=CentralPoint, точка спавна=(68.63, 0.00, 122.00).
21:28:10.189 [Log] [MatchManager] Волна команды 1: заспавнено 3 юнитов.
=== end 2026-06-26 21:28:17 ===
