=== Interflow server log === start 2026-06-27 01:15:05 ===
unityVersion=6000.4.7f1 platform=WindowsServer headless=True args=D:\Interflow\Interflow\Server\Interflow.exe -batchmode -nographics -logFile -
01:15:05.324 [Log] [ServerBootstrap] Start: headless=True, gfx=Null, batchmode=True, автозапуск=True, injectMenuButton=True.
01:15:05.504 [Log] [ServerBootstrap] Сервер запущен (StartServer). Ожидание игроков: 2.
01:15:28.208 [Log] Approved: joined Player01, 1 at slot 0
01:15:30.705 [Log] Approved: joined Player0, 2 at slot 1
01:15:30.838 [Log] [ServerBootstrap] Набралось игроков (2) — отсчёт 15с до старта.
01:15:45.846 [Log] [ServerBootstrap] Отсчёт завершён — старт матча.
01:15:45.946 [Warning] No mesh data available for mesh ArrowPlane on particle system Arrow. Make sure Read/Write Enabled is set in the importer to work on the particle system renderer
01:15:45.947 [Warning] No mesh data available for mesh ArrowPlane on particle system Arrow. Make sure Read/Write Enabled is set in the importer to work on the particle system renderer
01:15:45.947 [Warning] No mesh data available for mesh ArrowPlane on particle system Arrow. Make sure Read/Write Enabled is set in the importer to work on the particle system renderer
01:15:45.947 [Warning] No mesh data available for mesh ArrowPlane on particle system Arrow. Make sure Read/Write Enabled is set in the importer to work on the particle system renderer
01:15:45.947 [Warning] No mesh data available for mesh ArrowPlane on particle system Arrow. Make sure Read/Write Enabled is set in the importer to work on the particle system renderer
01:15:45.947 [Warning] No mesh data available for mesh ArrowPlane on particle system Arrow. Make sure Read/Write Enabled is set in the importer to work on the particle system renderer
01:15:46.113 [Warning] The referenced script (Unknown) on this Behaviour is missing!
01:15:46.114 [Warning] The referenced script on this Behaviour (Game Object '<null>') is missing!
01:15:46.114 [Error] A scripted object (script unknown or not yet loaded) has a different serialization layout when loading. (Read 40 bytes but expected 140 bytes)
Did you #if UNITY_EDITOR a section of your serialized properties in any of your scripts?
01:15:46.404 [Log] [MatchManager] Точка DefPointA2: towerPrefab не назначен — захват без отстройки (OK для Defence-точек).
01:15:46.404 [Log] [MatchManager] Точка DefPointA1: towerPrefab не назначен — захват без отстройки (OK для Defence-точек).
01:15:46.404 [Log] [MatchManager] Точка DefPointB2: towerPrefab не назначен — захват без отстройки (OK для Defence-точек).
01:15:46.404 [Log] [MatchManager] Точка DefPointB1: towerPrefab не назначен — захват без отстройки (OK для Defence-точек).
01:15:46.404 [Warning] [MatchManager] GameManager.specificUnitsDead не настроен — победа по уничтожению базы не сработает. Задайте NetID баз и winningTeam в Inspector у GameManager.
01:15:46.405 [Log] [MatchManager] Подписка на смерть башни CentralTower.
01:15:46.405 [Log] [MatchManager] Подписка на смерть башни CannonTowerOwn2.
01:15:46.405 [Log] [MatchManager] Подписка на смерть башни CannonTowerOwn1.
01:15:46.405 [Log] [MatchManager] Подписка на смерть башни CannonTowerEnemy2.
01:15:46.405 [Log] [MatchManager] Подписка на смерть башни CannonTowerEnemy1.
01:15:47.733 [Log] [MatchManager] Матч начался — запускаем волны.
01:15:47.735 [Log] [MatchManager] КАРТА КОМАНД: team0(teamA).ownerPlayer=0, team1(teamB).ownerPlayer=1; playerTeam[slot]=[0,1,2,3,4,5,6,7,8,9,10,11,12,13]; СВЕРКА: playerTeam[team0.owner]=0 (ожид 0), playerTeam[team1.owner]=1 (ожид 1).
01:15:47.738 [Log] [MatchManager] Ожидаем первую волну 5 сек.
01:15:49.382 [Log] [TeamCommand] От sender(slot)=1 clientId=2: team=1 action=Defence ownerPlayer(team1)=1 → принято.
01:15:49.384 [Log] [MatchManager] Точка защиты команды 1 изменилась → DefPointB2.
01:15:49.385 [Log] [MatchManager] ЗАЩИТА: команда 1 (player=1), юнитов=0, точка=DefPointB2.
01:15:52.541 [Log] [TeamCommand] От sender(slot)=0 clientId=1: team=0 action=Defence ownerPlayer(team0)=0 → принято.
01:15:52.541 [Log] [MatchManager] Точка защиты команды 0 изменилась → DefPointA2.
01:15:52.541 [Log] [MatchManager] ЗАЩИТА: команда 0 (player=0), юнитов=0, точка=DefPointA2.
01:15:52.675 [Log] [MatchManager] Волна #1 — спавним обе команды.
01:15:52.679 [Log] [MatchManager] Команда 0: ChangeAmount — игрок=0, ресурс=Gold, сумма=15, multiplier=1, decrease=true, calledByServer=true.
01:15:52.683 [Log] [MatchManager] Спавн волны команды 0 (player=0): цель=CentralPoint, точка спавна=(67.42, 0.00, 7.85).
01:15:52.705 [Log] [MatchManager] Волна команды 0: заспавнено 3 юнитов.
01:15:52.710 [Log] [MatchManager] Команда 1: ChangeAmount — игрок=1, ресурс=Gold, сумма=15, multiplier=1, decrease=true, calledByServer=true.
01:15:52.710 [Log] [MatchManager] Спавн волны команды 1 (player=1): цель=CentralPoint, точка спавна=(68.63, 0.00, 122.00).
01:15:52.714 [Log] [MatchManager] Волна команды 1: заспавнено 3 юнитов.
01:16:02.691 [Log] [MatchManager] Волна #2 — спавним обе команды.
01:16:02.691 [Log] [MatchManager] Команда 1: ChangeAmount — игрок=1, ресурс=Gold, сумма=15, multiplier=1, decrease=true, calledByServer=true.
01:16:02.691 [Log] [MatchManager] Спавн волны команды 1 (player=1): цель=CentralPoint, точка спавна=(68.63, 0.00, 122.00).
01:16:02.694 [Log] [MatchManager] Волна команды 1: заспавнено 3 юнитов.
01:16:12.703 [Log] [MatchManager] Волна #3 — спавним обе команды.
01:16:12.703 [Log] [MatchManager] Команда 1: ChangeAmount — игрок=1, ресурс=Gold, сумма=15, multiplier=1, decrease=true, calledByServer=true.
01:16:12.704 [Log] [MatchManager] Спавн волны команды 1 (player=1): цель=CentralPoint, точка спавна=(68.63, 0.00, 122.00).
01:16:12.708 [Log] [MatchManager] Волна команды 1: заспавнено 3 юнитов.
01:16:22.720 [Log] [MatchManager] Волна #4 — спавним обе команды.
01:16:22.720 [Log] [MatchManager] Команда 1: ChangeAmount — игрок=1, ресурс=Gold, сумма=15, multiplier=1, decrease=true, calledByServer=true.
01:16:22.720 [Log] [MatchManager] Спавн волны команды 1 (player=1): цель=CentralPoint, точка спавна=(68.63, 0.00, 122.00).
01:16:22.720 [Log] [MatchManager] Волна команды 1: заспавнено 3 юнитов.
01:16:32.739 [Log] [MatchManager] Волна #5 — спавним обе команды.
01:16:32.739 [Warning] [MatchManager] Команда 1: лидерство волны (6) не влезает в кап карты — волна пропущена.
01:16:42.748 [Log] [MatchManager] Волна #6 — спавним обе команды.
01:16:42.748 [Warning] [MatchManager] Команда 1: лидерство волны (6) не влезает в кап карты — волна пропущена.
=== end 2026-06-27 01:16:43 ===
