=== Interflow server log === start 2026-06-26 22:09:28 ===
unityVersion=6000.4.7f1 platform=WindowsServer headless=True args=D:\Interflow\Interflow\Server\Interflow.exe -batchmode -nographics -logFile -
22:09:28.619 [Log] [ServerBootstrap] Start: headless=True, gfx=Null, batchmode=True, автозапуск=True, injectMenuButton=True.
22:09:28.781 [Log] [ServerBootstrap] Сервер запущен (StartServer). Ожидание игроков: 2.
22:09:54.295 [Log] Approved: joined Player01, 1 at slot 0
22:09:57.086 [Log] Approved: joined Player0, 2 at slot 1
22:09:57.257 [Log] [ServerBootstrap] Набралось игроков (2) — старт матча.
22:09:57.360 [Warning] No mesh data available for mesh ArrowPlane on particle system Arrow. Make sure Read/Write Enabled is set in the importer to work on the particle system renderer
22:09:57.360 [Warning] No mesh data available for mesh ArrowPlane on particle system Arrow. Make sure Read/Write Enabled is set in the importer to work on the particle system renderer
22:09:57.360 [Warning] No mesh data available for mesh ArrowPlane on particle system Arrow. Make sure Read/Write Enabled is set in the importer to work on the particle system renderer
22:09:57.360 [Warning] No mesh data available for mesh ArrowPlane on particle system Arrow. Make sure Read/Write Enabled is set in the importer to work on the particle system renderer
22:09:57.360 [Warning] No mesh data available for mesh ArrowPlane on particle system Arrow. Make sure Read/Write Enabled is set in the importer to work on the particle system renderer
22:09:57.360 [Warning] No mesh data available for mesh ArrowPlane on particle system Arrow. Make sure Read/Write Enabled is set in the importer to work on the particle system renderer
22:09:57.559 [Warning] The referenced script (Unknown) on this Behaviour is missing!
22:09:57.560 [Warning] The referenced script on this Behaviour (Game Object '<null>') is missing!
22:09:57.561 [Error] A scripted object (script unknown or not yet loaded) has a different serialization layout when loading. (Read 40 bytes but expected 140 bytes)
Did you #if UNITY_EDITOR a section of your serialized properties in any of your scripts?
22:09:58.066 [Log] [MatchManager] Точка DefPointA2: towerPrefab не назначен — захват без отстройки (OK для Defence-точек).
22:09:58.074 [Log] [MatchManager] Точка DefPointA1: towerPrefab не назначен — захват без отстройки (OK для Defence-точек).
22:09:58.074 [Log] [MatchManager] Точка DefPointB2: towerPrefab не назначен — захват без отстройки (OK для Defence-точек).
22:09:58.074 [Log] [MatchManager] Точка DefPointB1: towerPrefab не назначен — захват без отстройки (OK для Defence-точек).
22:09:58.075 [Warning] [MatchManager] GameManager.specificUnitsDead не настроен — победа по уничтожению базы не сработает. Задайте NetID баз и winningTeam в Inspector у GameManager.
22:09:58.075 [Log] [MatchManager] Подписка на смерть башни CentralTower.
22:09:58.076 [Log] [MatchManager] Подписка на смерть башни CannonTowerOwn2.
22:09:58.076 [Log] [MatchManager] Подписка на смерть башни CannonTowerOwn1.
22:09:58.076 [Log] [MatchManager] Подписка на смерть башни CannonTowerEnemy2.
22:09:58.076 [Log] [MatchManager] Подписка на смерть башни CannonTowerEnemy1.
22:09:59.834 [Log] [MatchManager] Матч начался — запускаем волны.
22:09:59.841 [Log] [MatchManager] Ожидаем первую волну 5 сек.
22:10:00.649 [Log] [MatchManager] Точка защиты команды 1 изменилась → DefPointB2.
22:10:00.665 [Log] [MatchManager] ЗАЩИТА: команда 1 (player=1), юнитов=0, точка=DefPointB2.
22:10:01.563 [Warning] [WaveComposition] Запрос отклонён owner-гейтом: team=0, sender=1, ownerPlayer=0.
22:10:01.701 [Warning] [WaveComposition] Запрос отклонён owner-гейтом: team=0, sender=1, ownerPlayer=0.
22:10:01.982 [Warning] [WaveComposition] Запрос отклонён owner-гейтом: team=0, sender=1, ownerPlayer=0.
22:10:02.150 [Warning] [WaveComposition] Запрос отклонён owner-гейтом: team=0, sender=1, ownerPlayer=0.
22:10:04.014 [Warning] [WaveComposition] Запрос отклонён owner-гейтом: team=0, sender=1, ownerPlayer=0.
22:10:04.185 [Warning] [WaveComposition] Запрос отклонён owner-гейтом: team=0, sender=1, ownerPlayer=0.
22:10:04.319 [Warning] [WaveComposition] Запрос отклонён owner-гейтом: team=0, sender=1, ownerPlayer=0.
22:10:04.501 [Warning] [WaveComposition] Запрос отклонён owner-гейтом: team=0, sender=1, ownerPlayer=0.
22:10:04.672 [Log] [MatchManager] Волна #1 — спавним обе команды.
22:10:04.691 [Log] [MatchManager] Команда 0: ChangeAmount — игрок=0, ресурс=Gold, сумма=15, multiplier=1, decrease=true, calledByServer=true.
22:10:04.705 [Log] [MatchManager] Спавн волны команды 0 (player=0): цель=CentralPoint, точка спавна=(67.42, 0.00, 7.85).
22:10:04.740 [Log] [MatchManager] Волна команды 0: заспавнено 3 юнитов.
22:10:04.776 [Log] [MatchManager] Команда 1: ChangeAmount — игрок=1, ресурс=Gold, сумма=15, multiplier=1, decrease=true, calledByServer=true.
22:10:04.776 [Log] [MatchManager] Спавн волны команды 1 (player=1): цель=CentralPoint, точка спавна=(68.63, 0.00, 122.00).
22:10:04.780 [Log] [MatchManager] Волна команды 1: заспавнено 3 юнитов.
22:10:06.207 [Warning] [WaveComposition] Запрос отклонён owner-гейтом: team=0, sender=1, ownerPlayer=0.
22:10:06.348 [Warning] [WaveComposition] Запрос отклонён owner-гейтом: team=0, sender=1, ownerPlayer=0.
22:10:06.626 [Warning] [WaveComposition] Запрос отклонён owner-гейтом: team=0, sender=1, ownerPlayer=0.
22:10:08.836 [Warning] [WaveComposition] Запрос отклонён owner-гейтом: team=0, sender=1, ownerPlayer=0.
22:10:08.977 [Warning] [WaveComposition] Запрос отклонён owner-гейтом: team=0, sender=1, ownerPlayer=0.
22:10:09.272 [Warning] [WaveComposition] Запрос отклонён owner-гейтом: team=0, sender=1, ownerPlayer=0.
22:10:09.407 [Warning] [WaveComposition] Запрос отклонён owner-гейтом: team=0, sender=1, ownerPlayer=0.
22:10:14.691 [Log] [MatchManager] Волна #2 — спавним обе команды.
22:10:14.719 [Log] [MatchManager] Команда 1: ChangeAmount — игрок=1, ресурс=Gold, сумма=15, multiplier=1, decrease=true, calledByServer=true.
22:10:14.744 [Log] [MatchManager] Спавн волны команды 1 (player=1): цель=CentralPoint, точка спавна=(68.63, 0.00, 122.00).
22:10:14.773 [Log] [MatchManager] Волна команды 1: заспавнено 3 юнитов.
22:10:17.615 [Log] [MatchManager] УНИЧТОЖЕНА БАШНЯ: CentralTower (owner=13, убийца player=0, юнит=Rifleman(Clone)).
22:10:17.617 [Log] [MatchManager] Точка CentralPoint захвачена: команда -1 → 0.
22:10:17.618 [Log] [MatchManager] ЗАХВАТ CentralPoint (ID=17232): towerAlive=False, currentTeam=0. NextAttackTarget(team=0) = (68.57, 83.05)
22:10:17.621 [Log] [MatchManager] Lane-точки для team=0: [0]CastlePointA(ID=17230) team=0 towerAlive=True type=Castle ownedByAttacker=True, [1]DefPointA1(ID=17236) team=0 towerAlive=True type=Defence1 ownedByAttacker=True, [2]DefPointA2(ID=17238) team=0 towerAlive=True type=Defence2 ownedByAttacker=True, [3]CentralPoint(ID=17232) team=0 towerAlive=False type=Centre ownedByAttacker=True, [4]DefPointB2(ID=17220) team=1 towerAlive=True type=Defence2 ownedByAttacker=False, [5]DefPointB1(ID=17210) team=1 towerAlive=True type=Defence1 ownedByAttacker=False, [6]CastlePointB(ID=17224) team=1 towerAlive=True type=Castle ownedByAttacker=False
22:10:17.623 [Log] [MatchManager] RefreshTargetPoints: точка атаки команды 0 → DefPointB2.
22:10:17.625 [Log] [MatchManager] RefreshTargetPoints: точка защиты команды 0 → CentralPoint.
22:10:17.626 [Log] [MatchManager] RefreshTargetPoints: точка атаки команды 1 → CentralPoint.
22:10:17.626 [Log] [MatchManager] Следующие цели команды 0: атака=DefPointB2, защита=CentralPoint.
22:10:17.626 [Log] [MatchManager] Следующие цели команды 1: атака=CentralPoint, защита=DefPointB2.
22:10:17.627 [Log] [MatchManager] ЗАЩИТА: команда 1 (player=1), юнитов=6, точка=DefPointB2.
22:10:17.628 [Log] [MatchManager] Запускаем отстройку башни для точки CentralPoint (player=0, задержка=1 сек).
22:10:18.395 [Log] [MatchManager] ЗАЩИТА: команда 0 (player=0), юнитов=3, точка=CentralPoint.
22:10:18.623 [Log] [MatchManager] Башня отстроена: ArrowTower(Clone) для точки CentralPoint (player=0, netID=35842).
22:10:18.632 [Log] [MatchManager] Подписка на смерть башни ArrowTower(Clone).
22:10:24.726 [Log] [MatchManager] Волна #3 — спавним обе команды.
22:10:24.731 [Log] [MatchManager] Команда 1: ChangeAmount — игрок=1, ресурс=Gold, сумма=15, multiplier=1, decrease=true, calledByServer=true.
22:10:24.732 [Log] [MatchManager] Спавн волны команды 1 (player=1): цель=CentralPoint, точка спавна=(68.63, 0.00, 122.00).
22:10:24.746 [Log] [MatchManager] Волна команды 1: заспавнено 3 юнитов.
22:10:28.545 [Log] [MatchManager] АТАКА: команда 0 (player=0), юнитов=3, цель=DefPointB2, режим=сервер(FormationMarch).
22:10:30.036 [Log] [MatchManager] ЗАЩИТА: команда 0 (player=0), юнитов=3, точка=CentralPoint.
22:10:33.912 [Log] [MatchManager] ЗАЩИТА: команда 0 (player=0), юнитов=3, точка=CentralPoint.
22:10:34.728 [Log] [MatchManager] Волна #4 — спавним обе команды.
22:10:34.730 [Log] [MatchManager] Команда 1: ChangeAmount — игрок=1, ресурс=Gold, сумма=15, multiplier=1, decrease=true, calledByServer=true.
22:10:34.731 [Log] [MatchManager] Спавн волны команды 1 (player=1): цель=CentralPoint, точка спавна=(68.63, 0.00, 122.00).
22:10:34.738 [Log] [MatchManager] Волна команды 1: заспавнено 3 юнитов.
22:10:40.318 [Log] [MatchManager] ЗАЩИТА: команда 0 (player=0), юнитов=3, точка=CentralPoint.
22:10:41.561 [Log] [MatchManager] АТАКА: команда 0 (player=0), юнитов=3, цель=DefPointB2, режим=сервер(FormationMarch).
22:10:42.068 [Log] [MatchManager] Юнит погиб: Rifleman(Clone) (команда 1, player=1).
22:10:43.114 [Log] [MatchManager] ЗАЩИТА: команда 0 (player=0), юнитов=3, точка=CentralPoint.
22:10:43.706 [Log] [MatchManager] Юнит погиб: Footman(Clone) (команда 0, player=0).
22:10:44.752 [Log] [MatchManager] Волна #5 — спавним обе команды.
22:10:44.758 [Warning] [MatchManager] Команда 1: лидерство волны (6) не влезает в кап карты — волна пропущена.
22:10:51.510 [Log] [MatchManager] АТАКА: команда 1 (player=1), юнитов=11, цель=CentralPoint, режим=сервер(FormationMarch).
22:10:53.729 [Log] [MatchManager] ЗАЩИТА: команда 1 (player=1), юнитов=11, точка=DefPointB2.
22:10:54.787 [Log] [MatchManager] Волна #6 — спавним обе команды.
22:10:54.793 [Warning] [MatchManager] Команда 1: лидерство волны (6) не влезает в кап карты — волна пропущена.
22:10:57.657 [Log] [MatchManager] Юнит погиб: Rifleman(Clone) (команда 0, player=0).
22:10:59.942 [Log] [MatchManager] ЗАЩИТА: команда 1 (player=1), юнитов=11, точка=DefPointB2.
22:11:01.378 [Log] [MatchManager] АТАКА: команда 1 (player=1), юнитов=11, цель=CentralPoint, режим=сервер(FormationMarch).
22:11:04.264 [Exception] NullReferenceException: Object reference not set to an instance of an object
StrategyCore.Unit.TargetReferenceChange (StrategyCore.Unit newTarget) (at <3f824e9c70434cd6b3a2ae7d0c5ef651>:0)
StrategyCore.Unit.Die (System.Int32 playerThatKills, StrategyCore.Unit unitThatKills, System.Boolean rewards, System.Boolean calledByServer, System.Boolean destroy) (at <3f824e9c70434cd6b3a2ae7d0c5ef651>:0)
StrategyCore.Unit.GetDamage (System.Single amount, StrategyCore.DamageType damageType, System.Int32 attackingPlayer, StrategyCore.Unit attackingUnit, System.Boolean directAttack, System.Single& damageDealt) (at <3f824e9c70434cd6b3a2ae7d0c5ef651>:0)
StrategyCore.Unit.DealDamage (StrategyCore.Unit targetUnit, System.Single amount, StrategyCore.DamageType damageType, System.Boolean directAttack, UnityEngine.Vector3 attackPosition) (at <3f824e9c70434cd6b3a2ae7d0c5ef651>:0)
StrategyCore.Projectile.Damage (StrategyCore.Unit targetUnit, System.Single amount, StrategyCore.DamageType damageType) (at <3f824e9c70434cd6b3a2ae7d0c5ef651>:0)
StrategyCore.Projectile.Update () (at <3f824e9c70434cd6b3a2ae7d0c5ef651>:0)
22:11:04.812 [Log] [MatchManager] Волна #7 — спавним обе команды.
22:11:04.816 [Warning] [MatchManager] Команда 1: лидерство волны (6) не влезает в кап карты — волна пропущена.
22:11:09.541 [Log] [MatchManager] Юнит погиб: Footman(Clone) (команда 1, player=1).
22:11:14.846 [Log] [MatchManager] Волна #8 — спавним обе команды.
22:11:14.847 [Warning] [MatchManager] Команда 1: лидерство волны (6) не влезает в кап карты — волна пропущена.
22:11:17.001 [Log] [MatchManager] ЗАЩИТА: команда 1 (player=1), юнитов=10, точка=DefPointB2.
22:11:19.579 [Log] [MatchManager] Юнит погиб: Footman(Clone) (команда 1, player=1).
22:11:24.847 [Log] [MatchManager] Волна #9 — спавним обе команды.
22:11:24.847 [Log] [MatchManager] Команда 1: ChangeAmount — игрок=1, ресурс=Gold, сумма=15, multiplier=1, decrease=true, calledByServer=true.
22:11:24.848 [Log] [MatchManager] Спавн волны команды 1 (player=1): цель=CentralPoint, точка спавна=(68.63, 0.00, 122.00).
22:11:24.851 [Log] [MatchManager] Волна команды 1: заспавнено 3 юнитов.
22:11:27.644 [Log] [MatchManager] Юнит погиб: Footman(Clone) (команда 1, player=1).
=== end 2026-06-26 22:11:31 ===
