=== Interflow server log === start 2026-06-27 01:48:35 ===
unityVersion=6000.4.7f1 platform=WindowsServer headless=True args=D:\Interflow\Interflow\Server\Interflow.exe -batchmode -nographics -logFile -
01:48:35.405 [Log] [ServerBootstrap] Start: headless=True, gfx=Null, batchmode=True, автозапуск=True, injectMenuButton=True.
01:48:35.585 [Log] [ServerBootstrap] Сервер запущен (StartServer). Ожидание игроков: 2.
01:48:49.531 [Log] Approved: joined Player01, 1 at slot 0
01:48:53.226 [Log] Approved: joined Player0, 2 at slot 1
01:48:53.359 [Log] [ServerBootstrap] Набралось игроков (2) — отсчёт 15с до старта.
01:49:08.364 [Log] [ServerBootstrap] Отсчёт завершён — старт матча.
01:49:08.465 [Warning] No mesh data available for mesh ArrowPlane on particle system Arrow. Make sure Read/Write Enabled is set in the importer to work on the particle system renderer
01:49:08.465 [Warning] No mesh data available for mesh ArrowPlane on particle system Arrow. Make sure Read/Write Enabled is set in the importer to work on the particle system renderer
01:49:08.465 [Warning] No mesh data available for mesh ArrowPlane on particle system Arrow. Make sure Read/Write Enabled is set in the importer to work on the particle system renderer
01:49:08.465 [Warning] No mesh data available for mesh ArrowPlane on particle system Arrow. Make sure Read/Write Enabled is set in the importer to work on the particle system renderer
01:49:08.467 [Warning] No mesh data available for mesh ArrowPlane on particle system Arrow. Make sure Read/Write Enabled is set in the importer to work on the particle system renderer
01:49:08.467 [Warning] No mesh data available for mesh ArrowPlane on particle system Arrow. Make sure Read/Write Enabled is set in the importer to work on the particle system renderer
01:49:08.624 [Warning] The referenced script (Unknown) on this Behaviour is missing!
01:49:08.624 [Warning] The referenced script on this Behaviour (Game Object '<null>') is missing!
01:49:08.625 [Error] A scripted object (script unknown or not yet loaded) has a different serialization layout when loading. (Read 40 bytes but expected 140 bytes)
Did you #if UNITY_EDITOR a section of your serialized properties in any of your scripts?
01:49:08.891 [Log] [MatchManager] Точка DefPointA2: towerPrefab не назначен — захват без отстройки (OK для Defence-точек).
01:49:08.891 [Log] [MatchManager] Точка DefPointA1: towerPrefab не назначен — захват без отстройки (OK для Defence-точек).
01:49:08.891 [Log] [MatchManager] Точка DefPointB2: towerPrefab не назначен — захват без отстройки (OK для Defence-точек).
01:49:08.891 [Log] [MatchManager] Точка DefPointB1: towerPrefab не назначен — захват без отстройки (OK для Defence-точек).
01:49:08.891 [Warning] [MatchManager] GameManager.specificUnitsDead не настроен — победа по уничтожению базы не сработает. Задайте NetID баз и winningTeam в Inspector у GameManager.
01:49:08.893 [Log] [MatchManager] Подписка на смерть башни CentralTower.
01:49:08.893 [Log] [MatchManager] Подписка на смерть башни CannonTowerOwn2.
01:49:08.893 [Log] [MatchManager] Подписка на смерть башни CannonTowerOwn1.
01:49:08.893 [Log] [MatchManager] Подписка на смерть башни CannonTowerEnemy2.
01:49:08.893 [Log] [MatchManager] Подписка на смерть башни CannonTowerEnemy1.
01:49:10.051 [Log] [MatchManager] Матч начался — запускаем волны.
01:49:10.053 [Log] [MatchManager] КАРТА КОМАНД: team0(teamA).ownerPlayer=0, team1(teamB).ownerPlayer=1; playerTeam[slot]=[0,1,2,3,4,5,6,7,8,9,10,11,12,13]; СВЕРКА: playerTeam[team0.owner]=0 (ожид 0), playerTeam[team1.owner]=1 (ожид 1).
01:49:10.056 [Log] [MatchManager] Ожидаем первую волну 5 сек.
01:49:14.738 [Log] [TeamCommand] От sender(slot)=1 clientId=2: team=1 action=Defence ownerPlayer(team1)=1 → принято.
01:49:14.740 [Log] [MatchManager] Точка защиты команды 1 изменилась → DefPointB2.
01:49:14.741 [Log] [MatchManager] ЗАЩИТА: команда 1 (player=1), юнитов=0, точка=DefPointB2.
01:49:14.998 [Log] [MatchManager] Волна #1 — спавним обе команды.
01:49:15.002 [Log] [MatchManager] Команда 0: ChangeAmount — игрок=0, ресурс=Gold, сумма=15, multiplier=1, decrease=true, calledByServer=true.
01:49:15.006 [Log] [MatchManager] Спавн волны команды 0 (player=0): цель=CentralPoint, точка спавна=(67.42, 0.00, 7.85).
01:49:15.026 [Log] [MatchManager] Волна команды 0: заспавнено 3 юнитов.
01:49:15.037 [Log] [MatchManager] Команда 1: ChangeAmount — игрок=1, ресурс=Gold, сумма=15, multiplier=1, decrease=true, calledByServer=true.
01:49:15.037 [Log] [MatchManager] Спавн волны команды 1 (player=1): цель=CentralPoint, точка спавна=(68.63, 0.00, 122.00).
01:49:15.039 [Log] [MatchManager] Волна команды 1: заспавнено 3 юнитов.
01:49:16.752 [Log] [TeamCommand] От sender(slot)=0 clientId=1: team=0 action=Defence ownerPlayer(team0)=0 → принято.
01:49:16.752 [Log] [MatchManager] Точка защиты команды 0 изменилась → DefPointA2.
01:49:16.752 [Log] [MatchManager] ЗАЩИТА: команда 0 (player=0), юнитов=3, точка=DefPointA2.
01:49:25.029 [Log] [MatchManager] Волна #2 — спавним обе команды.
01:49:35.043 [Log] [MatchManager] Волна #3 — спавним обе команды.
01:49:35.951 [Log] [FlameCloakActive] Use вызван: кастер=CastleEnemy, игрок=1, уровень=0.
01:49:35.954 [Log] [FlameCloakActive] Плащ наложен на юнитов команды: 3 [Footman(Clone)(owner=1), Footman(Clone)(owner=1), Rifleman(Clone)(owner=1)] (dps=20, радиус+=0,5, длит=7с).
01:49:37.512 [Log] [TeamCommand] От sender(slot)=1 clientId=2: team=1 action=Attack ownerPlayer(team1)=1 → принято.
01:49:37.514 [Log] [MatchManager] Точка атаки команды 1 изменилась → CentralPoint.
01:49:37.514 [Log] [MatchManager] АТАКА: команда 1 (player=1), юнитов=3, цель=CentralPoint, режим=сервер(FormationMarch).
01:49:45.056 [Log] [MatchManager] Волна #4 — спавним обе команды.
01:49:45.056 [Log] [MatchManager] Команда 1: ChangeAmount — игрок=1, ресурс=Gold, сумма=15, multiplier=1, decrease=true, calledByServer=true.
01:49:45.056 [Log] [MatchManager] Спавн волны команды 1 (player=1): цель=CentralPoint, точка спавна=(68.63, 0.00, 122.00).
01:49:45.061 [Log] [MatchManager] Волна команды 1: заспавнено 3 юнитов.
01:49:45.061 [Log] [MatchManager] АТАКА: команда 1 (player=1), юнитов=6, цель=CentralPoint, режим=сервер(FormationMarch).
01:49:49.765 [Log] [MatchManager] УНИЧТОЖЕНА БАШНЯ: CentralTower (owner=13, убийца player=1, юнит=Rifleman(Clone)).
01:49:49.767 [Log] [MatchManager] Точка CentralPoint захвачена: команда -1 → 1.
01:49:49.767 [Log] [MatchManager] ЗАХВАТ CentralPoint (ID=17232): towerAlive=False, currentTeam=1. NextAttackTarget(team=1) = (67.32, 45.55)
01:49:49.769 [Log] [MatchManager] Lane-точки для team=1: [0]CastlePointA(ID=17230) team=0 towerAlive=True type=Castle ownedByAttacker=False, [1]DefPointA1(ID=17236) team=0 towerAlive=True type=Defence1 ownedByAttacker=False, [2]DefPointA2(ID=17238) team=0 towerAlive=True type=Defence2 ownedByAttacker=False, [3]CentralPoint(ID=17232) team=1 towerAlive=False type=Centre ownedByAttacker=True, [4]DefPointB2(ID=17220) team=1 towerAlive=True type=Defence2 ownedByAttacker=True, [5]DefPointB1(ID=17210) team=1 towerAlive=True type=Defence1 ownedByAttacker=True, [6]CastlePointB(ID=17224) team=1 towerAlive=True type=Castle ownedByAttacker=True
01:49:49.769 [Log] [MatchManager] RefreshTargetPoints: точка атаки команды 0 → CentralPoint.
01:49:49.769 [Log] [MatchManager] RefreshTargetPoints: точка атаки команды 1 → DefPointA2.
01:49:49.770 [Log] [MatchManager] RefreshTargetPoints: точка защиты команды 1 → CentralPoint.
01:49:49.770 [Log] [MatchManager] Следующие цели команды 0: атака=CentralPoint, защита=DefPointA2.
01:49:49.770 [Log] [MatchManager] Следующие цели команды 1: атака=DefPointA2, защита=CentralPoint.
01:49:49.770 [Log] [MatchManager] ЗАЩИТА: команда 0 (player=0), юнитов=3, точка=DefPointA2.
01:49:49.770 [Log] [MatchManager] АТАКА: команда 1 (player=1), юнитов=6, цель=DefPointA2, режим=сервер(FormationMarch).
01:49:49.771 [Log] [MatchManager] Запускаем отстройку башни для точки CentralPoint (player=1, задержка=1 сек).
01:49:50.528 [Log] [TeamCommand] От sender(slot)=1 clientId=2: team=1 action=Defence ownerPlayer(team1)=1 → принято.
01:49:50.528 [Log] [MatchManager] ЗАЩИТА: команда 1 (player=1), юнитов=6, точка=CentralPoint.
01:49:50.767 [Log] [MatchManager] Башня отстроена: ArrowTower(Clone) для точки CentralPoint (player=1, netID=33917).
01:49:50.767 [Log] [MatchManager] Подписка на смерть башни ArrowTower(Clone).
01:49:55.068 [Log] [MatchManager] Волна #5 — спавним обе команды.
01:49:55.068 [Log] [MatchManager] Команда 1: ChangeAmount — игрок=1, ресурс=Gold, сумма=15, multiplier=1, decrease=true, calledByServer=true.
01:49:55.068 [Log] [MatchManager] Спавн волны команды 1 (player=1): цель=DefPointA2, точка спавна=(68.63, 0.00, 122.00).
01:49:55.070 [Log] [MatchManager] Волна команды 1: заспавнено 3 юнитов.
01:49:56.001 [Log] [TeamCommand] От sender(slot)=1 clientId=2: team=1 action=Attack ownerPlayer(team1)=1 → принято.
01:49:56.001 [Log] [MatchManager] АТАКА: команда 1 (player=1), юнитов=9, цель=DefPointA2, режим=сервер(FormationMarch).
01:49:59.240 [Log] [MatchManager] Юнит погиб: Footman(Clone) (команда 1, player=1).
01:50:02.342 [Log] [TeamCommand] От sender(slot)=1 clientId=2: team=1 action=Defence ownerPlayer(team1)=1 → принято.
01:50:02.343 [Log] [MatchManager] ЗАЩИТА: команда 1 (player=1), юнитов=8, точка=CentralPoint.
01:50:05.081 [Log] [MatchManager] Волна #6 — спавним обе команды.
01:50:05.282 [Log] [MatchManager] Юнит погиб: Footman(Clone) (команда 1, player=1).
01:50:05.482 [Log] [MatchManager] Юнит погиб: Footman(Clone) (команда 1, player=1).
01:50:06.416 [Log] [MatchManager] Юнит погиб: Footman(Clone) (команда 1, player=1).
01:50:07.350 [Log] [MatchManager] Юнит погиб: Footman(Clone) (команда 0, player=0).
01:50:09.718 [Log] [MatchManager] Юнит погиб: Footman(Clone) (команда 1, player=1).
01:50:15.087 [Log] [MatchManager] Волна #7 — спавним обе команды.
=== end 2026-06-27 01:50:18 ===
