=== Interflow server log === start 2026-06-26 23:20:46 ===
unityVersion=6000.4.7f1 platform=WindowsServer headless=True args=D:\Interflow\Interflow\Server\Interflow.exe -batchmode -nographics -logFile -
23:20:46.932 [Log] [ServerBootstrap] Start: headless=True, gfx=Null, batchmode=True, автозапуск=True, injectMenuButton=True.
23:20:47.104 [Log] [ServerBootstrap] Сервер запущен (StartServer). Ожидание игроков: 2.
23:21:26.848 [Log] Approved: joined Player0, 1 at slot 0
23:21:29.188 [Log] Approved: joined Player01, 2 at slot 1
23:21:29.322 [Log] [ServerBootstrap] Набралось игроков (2) — отсчёт 15с до старта.
23:21:44.342 [Log] [ServerBootstrap] Отсчёт завершён — старт матча.
23:21:44.442 [Warning] No mesh data available for mesh ArrowPlane on particle system Arrow. Make sure Read/Write Enabled is set in the importer to work on the particle system renderer
23:21:44.442 [Warning] No mesh data available for mesh ArrowPlane on particle system Arrow. Make sure Read/Write Enabled is set in the importer to work on the particle system renderer
23:21:44.442 [Warning] No mesh data available for mesh ArrowPlane on particle system Arrow. Make sure Read/Write Enabled is set in the importer to work on the particle system renderer
23:21:44.442 [Warning] No mesh data available for mesh ArrowPlane on particle system Arrow. Make sure Read/Write Enabled is set in the importer to work on the particle system renderer
23:21:44.443 [Warning] No mesh data available for mesh ArrowPlane on particle system Arrow. Make sure Read/Write Enabled is set in the importer to work on the particle system renderer
23:21:44.443 [Warning] No mesh data available for mesh ArrowPlane on particle system Arrow. Make sure Read/Write Enabled is set in the importer to work on the particle system renderer
23:21:44.592 [Warning] The referenced script (Unknown) on this Behaviour is missing!
23:21:44.592 [Warning] The referenced script on this Behaviour (Game Object '<null>') is missing!
23:21:44.592 [Error] A scripted object (script unknown or not yet loaded) has a different serialization layout when loading. (Read 40 bytes but expected 140 bytes)
Did you #if UNITY_EDITOR a section of your serialized properties in any of your scripts?
23:21:44.892 [Log] [MatchManager] Точка DefPointA2: towerPrefab не назначен — захват без отстройки (OK для Defence-точек).
23:21:44.892 [Log] [MatchManager] Точка DefPointA1: towerPrefab не назначен — захват без отстройки (OK для Defence-точек).
23:21:44.894 [Log] [MatchManager] Точка DefPointB2: towerPrefab не назначен — захват без отстройки (OK для Defence-точек).
23:21:44.894 [Log] [MatchManager] Точка DefPointB1: towerPrefab не назначен — захват без отстройки (OK для Defence-точек).
23:21:44.894 [Warning] [MatchManager] GameManager.specificUnitsDead не настроен — победа по уничтожению базы не сработает. Задайте NetID баз и winningTeam в Inspector у GameManager.
23:21:44.894 [Log] [MatchManager] Подписка на смерть башни CentralTower.
23:21:44.894 [Log] [MatchManager] Подписка на смерть башни CannonTowerOwn2.
23:21:44.894 [Log] [MatchManager] Подписка на смерть башни CannonTowerOwn1.
23:21:44.895 [Log] [MatchManager] Подписка на смерть башни CannonTowerEnemy2.
23:21:44.895 [Log] [MatchManager] Подписка на смерть башни CannonTowerEnemy1.
23:21:46.358 [Log] [MatchManager] Матч начался — запускаем волны.
23:21:46.365 [Log] [MatchManager] Ожидаем первую волну 5 сек.
23:21:47.868 [Log] [MatchManager] Точка защиты команды 0 изменилась → DefPointB2.
23:21:47.869 [Log] [MatchManager] ЗАЩИТА: команда 0 (player=0), юнитов=0, точка=DefPointB2.
23:21:49.772 [Log] [MatchManager] Точка защиты команды 1 изменилась → DefPointA2.
23:21:49.772 [Log] [MatchManager] ЗАЩИТА: команда 1 (player=1), юнитов=0, точка=DefPointA2.
23:21:51.273 [Log] [MatchManager] Волна #1 — спавним обе команды.
23:21:51.278 [Log] [MatchManager] Команда 0: ChangeAmount — игрок=0, ресурс=Gold, сумма=15, multiplier=1, decrease=true, calledByServer=true.
23:21:51.282 [Log] [MatchManager] Спавн волны команды 0 (player=0): цель=CentralPoint, точка спавна=(67.42, 0.00, 7.85).
23:21:51.303 [Log] [MatchManager] Волна команды 0: заспавнено 3 юнитов.
23:21:51.307 [Log] [MatchManager] Команда 1: ChangeAmount — игрок=1, ресурс=Gold, сумма=15, multiplier=1, decrease=true, calledByServer=true.
23:21:51.307 [Log] [MatchManager] Спавн волны команды 1 (player=1): цель=CentralPoint, точка спавна=(68.63, 0.00, 122.00).
23:21:51.312 [Log] [MatchManager] Волна команды 1: заспавнено 3 юнитов.
23:22:00.993 [Warning] [WaveComposition] Запрос отклонён owner-гейтом: team=0, sender=1, ownerPlayer=0.
23:22:01.127 [Warning] [WaveComposition] Запрос отклонён owner-гейтом: team=0, sender=1, ownerPlayer=0.
23:22:01.294 [Warning] [WaveComposition] Запрос отклонён owner-гейтом: team=0, sender=1, ownerPlayer=0.
23:22:01.296 [Log] [MatchManager] Волна #2 — спавним обе команды.
23:22:01.296 [Log] [MatchManager] Команда 1: ChangeAmount — игрок=1, ресурс=Gold, сумма=15, multiplier=1, decrease=true, calledByServer=true.
23:22:01.296 [Log] [MatchManager] Спавн волны команды 1 (player=1): цель=CentralPoint, точка спавна=(68.63, 0.00, 122.00).
23:22:01.299 [Log] [MatchManager] Волна команды 1: заспавнено 3 юнитов.
23:22:02.128 [Warning] [WaveComposition] Запрос отклонён owner-гейтом: team=0, sender=1, ownerPlayer=0.
23:22:02.261 [Warning] [WaveComposition] Запрос отклонён owner-гейтом: team=0, sender=1, ownerPlayer=0.
23:22:02.429 [Warning] [WaveComposition] Запрос отклонён owner-гейтом: team=0, sender=1, ownerPlayer=0.
23:22:11.309 [Log] [MatchManager] Волна #3 — спавним обе команды.
23:22:11.309 [Log] [MatchManager] Команда 1: ChangeAmount — игрок=1, ресурс=Gold, сумма=15, multiplier=1, decrease=true, calledByServer=true.
23:22:11.310 [Log] [MatchManager] Спавн волны команды 1 (player=1): цель=CentralPoint, точка спавна=(68.63, 0.00, 122.00).
23:22:11.312 [Log] [MatchManager] Волна команды 1: заспавнено 3 юнитов.
23:22:16.454 [Log] [FlameCloakActive] Use вызван: кастер=CastleEnemy, игрок=1, уровень=0.
23:22:16.459 [Log] [FlameCloakActive] Плащ наложен на юнитов команды: 9 [Footman(Clone)(owner=1), Footman(Clone)(owner=1), Rifleman(Clone)(owner=1), Footman(Clone)(owner=1), Footman(Clone)(owner=1), Rifleman(Clone)(owner=1), Footman(Clone)(owner=1), Footman(Clone)(owner=1), Rifleman(Clone)(owner=1)] (dps=20, радиус+=0,5, длит=7с).
23:22:17.757 [Log] [MatchManager] Юнит погиб: Footman(Clone) (команда 0, player=0).
23:22:20.772 [Log] [MatchManager] Юнит погиб: Rifleman(Clone) (команда 0, player=0).
23:22:21.073 [Log] [MatchManager] Юнит погиб: Footman(Clone) (команда 1, player=1).
23:22:21.074 [Log] [MatchManager] Юнит погиб: Footman(Clone) (команда 1, player=1).
23:22:21.339 [Log] [MatchManager] Волна #4 — спавним обе команды.
23:22:21.339 [Log] [MatchManager] Команда 1: ChangeAmount — игрок=1, ресурс=Gold, сумма=15, multiplier=1, decrease=true, calledByServer=true.
23:22:21.339 [Log] [MatchManager] Спавн волны команды 1 (player=1): цель=CentralPoint, точка спавна=(68.63, 0.00, 122.00).
23:22:21.340 [Log] [MatchManager] Волна команды 1: заспавнено 3 юнитов.
23:22:26.079 [Log] [MatchManager] Юнит погиб: Rifleman(Clone) (команда 1, player=1).
23:22:27.781 [Log] [MatchManager] Юнит погиб: Rifleman(Clone) (команда 0, player=0).
=== end 2026-06-26 23:22:27 ===
